Archive member included to satisfy reference by file (symbol)

C:/ST/STM32CubeIDE_2.0.0/STM32CubeIDE/plugins/com.st.stm32cube.ide.mcu.externaltools.gnu-tools-for-stm32.13.3.rel1.win32_1.0.100.202509120712/tools/bin/../lib/gcc/arm-none-eabi/13.3.1/../../../../arm-none-eabi/lib/thumb/v7e-m+dp/hard\libc_nano.a(libc_a-exit.o)
                              C:/ST/STM32CubeIDE_2.0.0/STM32CubeIDE/plugins/com.st.stm32cube.ide.mcu.externaltools.gnu-tools-for-stm32.13.3.rel1.win32_1.0.100.202509120712/tools/bin/../lib/gcc/arm-none-eabi/13.3.1/../../../../arm-none-eabi/lib/thumb/v7e-m+dp/hard/crt0.o (exit)
C:/ST/STM32CubeIDE_2.0.0/STM32CubeIDE/plugins/com.st.stm32cube.ide.mcu.externaltools.gnu-tools-for-stm32.13.3.rel1.win32_1.0.100.202509120712/tools/bin/../lib/gcc/arm-none-eabi/13.3.1/../../../../arm-none-eabi/lib/thumb/v7e-m+dp/hard\libc_nano.a(libc_a-findfp.o)
                              C:/ST/STM32CubeIDE_2.0.0/STM32CubeIDE/plugins/com.st.stm32cube.ide.mcu.externaltools.gnu-tools-for-stm32.13.3.rel1.win32_1.0.100.202509120712/tools/bin/../lib/gcc/arm-none-eabi/13.3.1/../../../../arm-none-eabi/lib/thumb/v7e-m+dp/hard\libc_nano.a(libc_a-exit.o) (__stdio_exit_handler)
C:/ST/STM32CubeIDE_2.0.0/STM32CubeIDE/plugins/com.st.stm32cube.ide.mcu.externaltools.gnu-tools-for-stm32.13.3.rel1.win32_1.0.100.202509120712/tools/bin/../lib/gcc/arm-none-eabi/13.3.1/../../../../arm-none-eabi/lib/thumb/v7e-m+dp/hard\libc_nano.a(libc_a-fwalk.o)
                              C:/ST/STM32CubeIDE_2.0.0/STM32CubeIDE/plugins/com.st.stm32cube.ide.mcu.externaltools.gnu-tools-for-stm32.13.3.rel1.win32_1.0.100.202509120712/tools/bin/../lib/gcc/arm-none-eabi/13.3.1/../../../../arm-none-eabi/lib/thumb/v7e-m+dp/hard\libc_nano.a(libc_a-findfp.o) (_fwalk_sglue)
C:/ST/STM32CubeIDE_2.0.0/STM32CubeIDE/plugins/com.st.stm32cube.ide.mcu.externaltools.gnu-tools-for-stm32.13.3.rel1.win32_1.0.100.202509120712/tools/bin/../lib/gcc/arm-none-eabi/13.3.1/../../../../arm-none-eabi/lib/thumb/v7e-m+dp/hard\libc_nano.a(libc_a-stdio.o)
                              C:/ST/STM32CubeIDE_2.0.0/STM32CubeIDE/plugins/com.st.stm32cube.ide.mcu.externaltools.gnu-tools-for-stm32.13.3.rel1.win32_1.0.100.202509120712/tools/bin/../lib/gcc/arm-none-eabi/13.3.1/../../../../arm-none-eabi/lib/thumb/v7e-m+dp/hard\libc_nano.a(libc_a-findfp.o) (__sread)
C:/ST/STM32CubeIDE_2.0.0/STM32CubeIDE/plugins/com.st.stm32cube.ide.mcu.externaltools.gnu-tools-for-stm32.13.3.rel1.win32_1.0.100.202509120712/tools/bin/../lib/gcc/arm-none-eabi/13.3.1/../../../../arm-none-eabi/lib/thumb/v7e-m+dp/hard\libc_nano.a(libc_a-memset.o)
                              C:/ST/STM32CubeIDE_2.0.0/STM32CubeIDE/plugins/com.st.stm32cube.ide.mcu.externaltools.gnu-tools-for-stm32.13.3.rel1.win32_1.0.100.202509120712/tools/bin/../lib/gcc/arm-none-eabi/13.3.1/../../../../arm-none-eabi/lib/thumb/v7e-m+dp/hard/crt0.o (memset)
C:/ST/STM32CubeIDE_2.0.0/STM32CubeIDE/plugins/com.st.stm32cube.ide.mcu.externaltools.gnu-tools-for-stm32.13.3.rel1.win32_1.0.100.202509120712/tools/bin/../lib/gcc/arm-none-eabi/13.3.1/../../../../arm-none-eabi/lib/thumb/v7e-m+dp/hard\libc_nano.a(libc_a-closer.o)
                              C:/ST/STM32CubeIDE_2.0.0/STM32CubeIDE/plugins/com.st.stm32cube.ide.mcu.externaltools.gnu-tools-for-stm32.13.3.rel1.win32_1.0.100.202509120712/tools/bin/../lib/gcc/arm-none-eabi/13.3.1/../../../../arm-none-eabi/lib/thumb/v7e-m+dp/hard\libc_nano.a(libc_a-stdio.o) (_close_r)
C:/ST/STM32CubeIDE_2.0.0/STM32CubeIDE/plugins/com.st.stm32cube.ide.mcu.externaltools.gnu-tools-for-stm32.13.3.rel1.win32_1.0.100.202509120712/tools/bin/../lib/gcc/arm-none-eabi/13.3.1/../../../../arm-none-eabi/lib/thumb/v7e-m+dp/hard\libc_nano.a(libc_a-reent.o)
                              C:/ST/STM32CubeIDE_2.0.0/STM32CubeIDE/plugins/com.st.stm32cube.ide.mcu.externaltools.gnu-tools-for-stm32.13.3.rel1.win32_1.0.100.202509120712/tools/bin/../lib/gcc/arm-none-eabi/13.3.1/../../../../arm-none-eabi/lib/thumb/v7e-m+dp/hard\libc_nano.a(libc_a-closer.o) (errno)
C:/ST/STM32CubeIDE_2.0.0/STM32CubeIDE/plugins/com.st.stm32cube.ide.mcu.externaltools.gnu-tools-for-stm32.13.3.rel1.win32_1.0.100.202509120712/tools/bin/../lib/gcc/arm-none-eabi/13.3.1/../../../../arm-none-eabi/lib/thumb/v7e-m+dp/hard\libc_nano.a(libc_a-impure.o)
                              C:/ST/STM32CubeIDE_2.0.0/STM32CubeIDE/plugins/com.st.stm32cube.ide.mcu.externaltools.gnu-tools-for-stm32.13.3.rel1.win32_1.0.100.202509120712/tools/bin/../lib/gcc/arm-none-eabi/13.3.1/../../../../arm-none-eabi/lib/thumb/v7e-m+dp/hard\libc_nano.a(libc_a-reent.o) (_impure_ptr)
C:/ST/STM32CubeIDE_2.0.0/STM32CubeIDE/plugins/com.st.stm32cube.ide.mcu.externaltools.gnu-tools-for-stm32.13.3.rel1.win32_1.0.100.202509120712/tools/bin/../lib/gcc/arm-none-eabi/13.3.1/../../../../arm-none-eabi/lib/thumb/v7e-m+dp/hard\libc_nano.a(libc_a-lseekr.o)
[...]
Memory Configuration

Name             Origin             Length             Attributes
RAM_D1           0x24000000         0x00080000         xrw
FLASH            0x08000000         0x00100000         xr
DTCMRAM          0x20000000         0x00020000         xrw
RAM_D2           0x30000000         0x00048000         xrw
RAM_D3           0x38000000         0x00010000         xrw
ITCMRAM          0x00000000         0x00010000         xrw
*default*        0x00000000         0xffffffff

Linker script and memory map

LOAD C:/ST/STM32CubeIDE_2.0.0/STM32CubeIDE/plugins/com.st.stm32cube.ide.mcu.externaltools.gnu-tools-for-stm32.13.3.rel1.win32_1.0.100.202509120712/tools/bin/../lib/gcc/arm-none-eabi/13.3.1/thumb/v7e-m+dp/hard/crti.o
LOAD C:/ST/STM32CubeIDE_2.0.0/STM32CubeIDE/plugins/com.st.stm32cube.ide.mcu.externaltools.gnu-tools-for-stm32.13.3.rel1.win32_1.0.100.202509120712/tools/bin/../lib/gcc/arm-none-eabi/13.3.1/thumb/v7e-m+dp/hard/crtbegin.o
LOAD C:/ST/STM32CubeIDE_2.0.0/STM32CubeIDE/plugins/com.st.stm32cube.ide.mcu.externaltools.gnu-tools-for-stm32.13.3.rel1.win32_1.0.100.202509120712/tools/bin/../lib/gcc/arm-none-eabi/13.3.1/../../../../arm-none-eabi/lib/thumb/v7e-m+dp/hard/crt0.o
LOAD ./Common/Src/system_stm32h7xx_dualcore_boot_cm4_cm7.o
LOAD ./Core/Src/flap.o
LOAD ./Core/Src/freertos.o
LOAD ./Core/Src/main.o
LOAD ./Core/Src/pwm_servo.o
LOAD ./Core/Src/stm32h7xx_hal_msp.o
LOAD ./Core/Src/stm32h7xx_it.o
LOAD ./Core/Src/syscalls.o
LOAD ./Core/Src/sysmem.o
LOAD ./Core/Startup/startup_stm32h755zitx.o
LOAD ./Drivers/STM32H7xx_HAL_Driver/stm32h7xx_hal.o
LOAD ./Drivers/STM32H7xx_HAL_Driver/stm32h7xx_hal_cortex.o
LOAD ./Drivers/STM32H7xx_HAL_Driver/stm32h7xx_hal_dma.o
LOAD ./Drivers/STM32H7xx_HAL_Driver/stm32h7xx_hal_dma_ex.o
LOAD ./Drivers/STM32H7xx_HAL_Driver/stm32h7xx_hal_exti.o
LOAD ./Drivers/STM32H7xx_HAL_Driver/stm32h7xx_hal_flash.o
LOAD ./Drivers/STM32H7xx_HAL_Driver/stm32h7xx_hal_flash_ex.o
LOAD ./Drivers/STM32H7xx_HAL_Driver/stm32h7xx_hal_gpio.o
LOAD ./Drivers/STM32H7xx_HAL_Driver/stm32h7xx_hal_hsem.o
LOAD ./Drivers/STM32H7xx_HAL_Driver/stm32h7xx_hal_i2c.o
LOAD ./Drivers/STM32H7xx_HAL_Driver/stm32h7xx_hal_i2c_ex.o
LOAD ./Drivers/STM32H7xx_HAL_Driver/stm32h7xx_hal_mdma.o
LOAD ./Drivers/STM32H7xx_HAL_Driver/stm32h7xx_hal_pwr.o
LOAD ./Drivers/STM32H7xx_HAL_Driver/stm32h7xx_hal_pwr_ex.o
LOAD ./Drivers/STM32H7xx_HAL_Driver/stm32h7xx_hal_rcc.o
LOAD ./Drivers/STM32H7xx_HAL_Driver/stm32h7xx_hal_rcc_ex.o
LOAD ./Drivers/STM32H7xx_HAL_Driver/stm32h7xx_hal_tim.o
LOAD ./Drivers/STM32H7xx_HAL_Driver/stm32h7xx_hal_tim_ex.o
LOAD ./Drivers/STM32H7xx_HAL_Driver/stm32h7xx_hal_uart.o
LOAD ./Drivers/STM32H7xx_HAL_Driver/stm32h7xx_hal_uart_ex.o
LOAD ./Middlewares/Third_Party/FreeRTOS/cmsis_os2.o
LOAD ./Middlewares/Third_Party/FreeRTOS/croutine.o
LOAD ./Middlewares/Third_Party/FreeRTOS/event_groups.o
LOAD ./Middlewares/Third_Party/FreeRTOS/heap_4.o
LOAD ./Middlewares/Third_Party/FreeRTOS/list.o
LOAD ./Middlewares/Third_Party/FreeRTOS/port.o
LOAD ./Middlewares/Third_Party/FreeRTOS/queue.o
LOAD ./Middlewares/Third_Party/FreeRTOS/stream_buffer.o
LOAD ./Middlewares/Third_Party/FreeRTOS/tasks.o
LOAD ./Middlewares/Third_Party/FreeRTOS/timers.o
START GROUP
LOAD C:/ST/STM32CubeIDE_2.0.0/STM32CubeIDE/plugins/com.st.stm32cube.ide.mcu.externaltools.gnu-tools-for-stm32.13.3.rel1.win32_1.0.100.202509120712/tools/bin/../lib/gcc/arm-none-eabi/13.3.1/../../../../arm-none-eabi/lib/thumb/v7e-m+dp/hard\libc_nano.a
LOAD C:/ST/STM32CubeIDE_2.0.0/STM32CubeIDE/plugins/com.st.stm32cube.ide.mcu.externaltools.gnu-tools-for-stm32.13.3.rel1.win32_1.0.100.202509120712/tools/bin/../lib/gcc/arm-none-eabi/13.3.1/../../../../arm-none-eabi/lib/thumb/v7e-m+dp/hard\libm.a
END GROUP
START GROUP
LOAD C:/ST/STM32CubeIDE_2.0.0/STM32CubeIDE/plugins/com.st.stm32cube.ide.mcu.externaltools.gnu-tools-for-stm32.13.3.rel1.win32_1.0.100.202509120712/tools/bin/../lib/gcc/arm-none-eabi/13.3.1/thumb/v7e-m+dp/hard\libgcc.a
LOAD C:/ST/STM32CubeIDE_2.0.0/STM32CubeIDE/plugins/com.st.stm32cube.ide.mcu.externaltools.gnu-tools-for-stm32.13.3.rel1.win32_1.0.100.202509120712/tools/bin/../lib/gcc/arm-none-eabi/13.3.1/../../../../arm-none-eabi/lib/thumb/v7e-m+dp/hard\libc_nano.a
END GROUP
START GROUP
LOAD C:/ST/STM32CubeIDE_2.0.0/STM32CubeIDE/plugins/com.st.stm32cube.ide.mcu.externaltools.gnu-tools-for-stm32.13.3.rel1.win32_1.0.100.202509120712/tools/bin/../lib/gcc/arm-none-eabi/13.3.1/thumb/v7e-m+dp/hard\libgcc.a
LOAD C:/ST/STM32CubeIDE_2.0.0/STM32CubeIDE/plugins/com.st.stm32cube.ide.mcu.externaltools.gnu-tools-for-stm32.13.3.rel1.win32_1.0.100.202509120712/tools/bin/../lib/gcc/arm-none-eabi/13.3.1/../../../../arm-none-eabi/lib/thumb/v7e-m+dp/hard\libc_nano.a
LOAD C:/ST/STM32CubeIDE_2.0.0/STM32CubeIDE/plugins/com.st.stm32cube.ide.mcu.externaltools.gnu-tools-for-stm32.13.3.rel1.win32_1.0.100.202509120712/tools/bin/../lib/gcc/arm-none-eabi/13.3.1/../../../../arm-none-eabi/lib/thumb/v7e-m+dp/hard\libnosys.a
END GROUP
START GROUP
LOAD C:/ST/STM32CubeIDE_2.0.0/STM32CubeIDE/plugins/com.st.stm32cube.ide.mcu.externaltools.gnu-tools-for-stm32.13.3.rel1.win32_1.0.100.202509120712/tools/bin/../lib/gcc/arm-none-eabi/13.3.1/thumb/v7e-m+dp/hard\libgcc.a
LOAD C:/ST/STM32CubeIDE_2.0.0/STM32CubeIDE/plugins/com.st.stm32cube.ide.mcu.externaltools.gnu-tools-for-stm32.13.3.rel1.win32_1.0.100.202509120712/tools/bin/../lib/gcc/arm-none-eabi/13.3.1/../../../../arm-none-eabi/lib/thumb/v7e-m+dp/hard\libc_nano.a
LOAD C:/ST/STM32CubeIDE_2.0.0/STM32CubeIDE/plugins/com.st.stm32cube.ide.mcu.externaltools.gnu-tools-for-stm32.13.3.rel1.win32_1.0.100.202509120712/tools/bin/../lib/gcc/arm-none-eabi/13.3.1/../../../../arm-none-eabi/lib/thumb/v7e-m+dp/hard\libnosys.a
END GROUP
LOAD C:/ST/STM32CubeIDE_2.0.0/STM32CubeIDE/plugins/com.st.stm32cube.ide.mcu.externaltools.gnu-tools-for-stm32.13.3.rel1.win32_1.0.100.202509120712/tools/bin/../lib/gcc/arm-none-eabi/13.3.1/thumb/v7e-m+dp/hard/crtend.o
LOAD C:/ST/STM32CubeIDE_2.0.0/STM32CubeIDE/plugins/com.st.stm32cube.ide.mcu.externaltools.gnu-tools-for-stm32.13.3.rel1.win32_1.0.100.202509120712/tools/bin/../lib/gcc/arm-none-eabi/13.3.1/thumb/v7e-m+dp/hard/crtn.o
                0x24080000                        _estack = (ORIGIN (RAM_D1) + LENGTH (RAM_D1))
                0x00000200                        _Min_Heap_Size = 0x200
                0x00000400                        _Min_Stack_Size = 0x400

.isr_vector     0x08000000      0x298
                0x08000000                        . = ALIGN (0x4)
 *(.isr_vector)
 .isr_vector    0x08000000      0x298 ./Core/Startup/startup_stm32h755zitx.o
                0x08000000                g_pfnVectors
                0x08000298                        . = ALIGN (0x4)

.text           0x080002a0     0x8ef8
                0x080002a0                        . = ALIGN (0x4)
 *(.text)
 .text          0x080002a0       0x40 C:/ST/STM32CubeIDE_2.0.0/STM32CubeIDE/plugins/com.st.stm32cube.ide.mcu.externaltools.gnu-tools-for-stm32.13.3.rel1.win32_1.0.100.202509120712/tools/bin/../lib/gcc/arm-none-eabi/13.3.1/thumb/v7e-m+dp/hard/crtbegin.o
 .text          0x080002e0       0x30 C:/ST/STM32CubeIDE_2.0.0/STM32CubeIDE/plugins/com.st.stm32cube.ide.mcu.externaltools.gnu-tools-for-stm32.13.3.rel1.win32_1.0.100.202509120712/tools/bin/../lib/gcc/arm-none-eabi/13.3.1/thumb/v7e-m+dp/hard\libgcc.a(_aeabi_uldivmod.o)
                0x080002e0                __aeabi_uldivmod
 .text          0x08000310      0x2f8 C:/ST/STM32CubeIDE_2.0.0/STM32CubeIDE/plugins/com.st.stm32cube.ide.mcu.externaltools.gnu-tools-for-stm32.13.3.rel1.win32_1.0.100.202509120712/tools/bin/../lib/gcc/arm-none-eabi/13.3.1/thumb/v7e-m+dp/hard\libgcc.a(_udivmoddi4.o)
                0x08000310                __udivmoddi4
 .text          0x08000608        0x4 C:/ST/STM32CubeIDE_2.0.0/STM32CubeIDE/plugins/com.st.stm32cube.ide.mcu.externaltools.gnu-tools-for-stm32.13.3.rel1.win32_1.0.100.202509120712/tools/bin/../lib/gcc/arm-none-eabi/13.3.1/thumb/v7e-m+dp/hard\libgcc.a(_dvmd_tls.o)
                0x08000608                __aeabi_idiv0
                0x08000608                __aeabi_ldiv0
 *(.text*)
 .text.SystemInit
                0x0800060c      0x15c ./Common/Src/system_stm32h7xx_dualcore_boot_cm4_cm7.o
                0x0800060c                SystemInit
 .text.ExitRun0Mode
                0x08000768       0x30 ./Common/Src/system_stm32h7xx_dualcore_boot_cm4_cm7.o
                0x08000768                ExitRun0Mode
 .text.flap_step
                0x08000798      0x208 ./Core/Src/flap.o
                0x08000798                flap_step
 .text.flap_initialize
                0x080009a0        0xe ./Core/Src/flap.o
                0x080009a0                flap_initialize
 *fill*         0x080009ae        0x2 
 .text.main     0x080009b0       0xe4 ./Core/Src/main.o
                0x080009b0                main
 .text.SystemClock_Config
                0x08000a94       0xf8 ./Core/Src/main.o
                0x08000a94                SystemClock_Config
 .text.MX_TIM2_Init
                0x08000b8c       0xb4 ./Core/Src/main.o
 .text.MX_UART4_Init
                0x08000c40       0x98 ./Core/Src/main.o
 .text.MX_GPIO_Init
                0x08000cd8       0xe8 ./Core/Src/main.o
 .text.StartDefaultTask
                0x08000dc0       0x10 ./Core/Src/main.o
                0x08000dc0                StartDefaultTask
 .text.StartTask02
                0x08000dd0       0xdc ./Core/Src/main.o
                0x08000dd0                StartTask02
 .text.Error_Handler
                0x08000eac        0xc ./Core/Src/main.o
                0x08000eac                Error_Handler
 .text.Servo_PWM_Start
                0x08000eb8       0x3e ./Core/Src/pwm_servo.o
                0x08000eb8                Servo_PWM_Start
 *fill*         0x08000ef6        0x2 
 .text.Servo_SetAngle
                0x08000ef8       0xf0 ./Core/Src/pwm_servo.o
                0x08000ef8                Servo_SetAngle
 .text.Servo_StepTowardAngle
                0x08000fe8       0x84 ./Core/Src/pwm_servo.o
                0x08000fe8                Servo_StepTowardAngle
 .text.HAL_MspInit
                0x0800106c       0x3c ./Core/Src/stm32h7xx_hal_msp.o
                0x0800106c                HAL_MspInit
 .text.HAL_TIM_PWM_MspInit
                0x080010a8       0x40 ./Core/Src/stm32h7xx_hal_msp.o
                0x080010a8                HAL_TIM_PWM_MspInit
 .text.HAL_TIM_MspPostInit
                0x080010e8       0x70 ./Core/Src/stm32h7xx_hal_msp.o
                0x080010e8                HAL_TIM_MspPostInit
 .text.HAL_UART_MspInit
                0x08001158       0xd4 ./Core/Src/stm32h7xx_hal_msp.o
                0x08001158                HAL_UART_MspInit
 .text.NMI_Handler
                0x0800122c        0x8 ./Core/Src/stm32h7xx_it.o
                0x0800122c                NMI_Handler
 .text.HardFault_Handler
                0x08001234        0x8 ./Core/Src/stm32h7xx_it.o
                0x08001234                HardFault_Handler
 .text.MemManage_Handler
                0x0800123c        0x8 ./Core/Src/stm32h7xx_it.o
                0x0800123c                MemManage_Handler
 .text.BusFault_Handler
                0x08001244        0x8 ./Core/Src/stm32h7xx_it.o
                0x08001244                BusFault_Handler
 .text.UsageFault_Handler
                0x0800124c        0x8 ./Core/Src/stm32h7xx_it.o
                0x0800124c                UsageFault_Handler
 .text.DebugMon_Handler
                0x08001254        0xe ./Core/Src/stm32h7xx_it.o
                0x08001254                DebugMon_Handler
 .text.SysTick_Handler
                0x08001262       0x1a ./Core/Src/stm32h7xx_it.o
                0x08001262                SysTick_Handler
 .text.Reset_Handler
                0x0800127c       0x54 ./Core/Startup/startup_stm32h755zitx.o
                0x0800127c                Reset_Handler
 .text.Default_Handler
                0x080012d0        0x2 ./Core/Startup/startup_stm32h755zitx.o
                0x080012d0                RTC_Alarm_IRQHandler
                0x080012d0                HASH_RNG_IRQHandler
                0x080012d0                EXTI2_IRQHandler
                0x080012d0                TIM8_CC_IRQHandler
                0x080012d0                HRTIM1_Master_IRQHandler
                0x080012d0                UART8_IRQHandler
                0x080012d0                SPI4_IRQHandler
                0x080012d0                TIM1_CC_IRQHandler
                0x080012d0                BDMA_Channel6_IRQHandler
                0x080012d0                DMA2_Stream5_IRQHandler
                0x080012d0                HRTIM1_FLT_IRQHandler
                0x080012d0                JPEG_IRQHandler
                0x080012d0                DMA1_Stream5_IRQHandler
                0x080012d0                BDMA_Channel1_IRQHandler
                0x080012d0                HRTIM1_TIMD_IRQHandler
                0x080012d0                TAMP_STAMP_IRQHandler
                0x080012d0                EXTI3_IRQHandler
                0x080012d0                LPTIM4_IRQHandler
                0x080012d0                TIM8_TRG_COM_TIM14_IRQHandler
                0x080012d0                LPTIM2_IRQHandler
                0x080012d0                DFSDM1_FLT1_IRQHandler
                0x080012d0                DMAMUX2_OVR_IRQHandler
                0x080012d0                TIM8_UP_TIM13_IRQHandler
                0x080012d0                I2C3_ER_IRQHandler
                0x080012d0                DFSDM1_FLT2_IRQHandler
                0x080012d0                MDMA_IRQHandler
                0x080012d0                LPTIM3_IRQHandler
                0x080012d0                HSEM1_IRQHandler
                0x080012d0                EXTI0_IRQHandler
                0x080012d0                I2C2_EV_IRQHandler
                0x080012d0                DMA1_Stream2_IRQHandler
                0x080012d0                FPU_IRQHandler
                0x080012d0                OTG_HS_WKUP_IRQHandler
                0x080012d0                FDCAN1_IT1_IRQHandler
                0x080012d0                LTDC_ER_IRQHandler
                0x080012d0                DMA2_Stream2_IRQHandler
                0x080012d0                HRTIM1_TIME_IRQHandler
                0x080012d0                SPI1_IRQHandler
                0x080012d0                TIM6_DAC_IRQHandler
                0x080012d0                DCMI_IRQHandler
                0x080012d0                HRTIM1_TIMC_IRQHandler
                0x080012d0                DMA2_Stream3_IRQHandler
                0x080012d0                SAI2_IRQHandler
                0x080012d0                DFSDM1_FLT3_IRQHandler
                0x080012d0                USART6_IRQHandler
                0x080012d0                TIM17_IRQHandler
                0x080012d0                USART3_IRQHandler
                0x080012d0                BDMA_Channel7_IRQHandler
                0x080012d0                CRYP_IRQHandler
                0x080012d0                LPTIM5_IRQHandler
                0x080012d0                UART5_IRQHandler
                0x080012d0                ADC3_IRQHandler
                0x080012d0                DMA2_Stream0_IRQHandler
                0x080012d0                TIM4_IRQHandler
                0x080012d0                BDMA_Channel2_IRQHandler
                0x080012d0                QUADSPI_IRQHandler
                0x080012d0                I2C1_EV_IRQHandler
                0x080012d0                DMA1_Stream6_IRQHandler
                0x080012d0                DMAMUX1_OVR_IRQHandler
                0x080012d0                DMA1_Stream1_IRQHandler
                0x080012d0                TIM16_IRQHandler
                0x080012d0                UART4_IRQHandler
                0x080012d0                BDMA_Channel5_IRQHandler
                0x080012d0                TIM3_IRQHandler
                0x080012d0                RCC_IRQHandler
                0x080012d0                TIM8_BRK_TIM12_IRQHandler
                0x080012d0                TIM1_TRG_COM_IRQHandler
                0x080012d0                Default_Handler
                0x080012d0                ECC_IRQHandler
                0x080012d0                CEC_IRQHandler
                0x080012d0                EXTI15_10_IRQHandler
                0x080012d0                BDMA_Channel0_IRQHandler
                0x080012d0                ADC_IRQHandler
                0x080012d0                DMA1_Stream7_IRQHandler
                0x080012d0                HRTIM1_TIMA_IRQHandler
                0x080012d0                SPI5_IRQHandler
                0x080012d0                TIM7_IRQHandler
                0x080012d0                SDMMC1_IRQHandler
                0x080012d0                TIM5_IRQHandler
                0x080012d0                DMA2_Stream7_IRQHandler
                0x080012d0                TIM15_IRQHandler
                0x080012d0                PVD_AVD_IRQHandler
                0x080012d0                I2C3_EV_IRQHandler
                0x080012d0                EXTI9_5_IRQHandler
                0x080012d0                RTC_WKUP_IRQHandler
                0x080012d0                LTDC_IRQHandler
                0x080012d0                SAI3_IRQHandler
                0x080012d0                ETH_WKUP_IRQHandler
                0x080012d0                SPDIF_RX_IRQHandler
                0x080012d0                SPI2_IRQHandler
                0x080012d0                OTG_HS_EP1_IN_IRQHandler
                0x080012d0                DMA1_Stream0_IRQHandler
                0x080012d0                CRS_IRQHandler
                0x080012d0                CM7_SEV_IRQHandler
                0x080012d0                EXTI4_IRQHandler
                0x080012d0                CM4_SEV_IRQHandler
                0x080012d0                HRTIM1_TIMB_IRQHandler
                0x080012d0                FDCAN2_IT1_IRQHandler
                0x080012d0                ETH_IRQHandler
                0x080012d0                TIM1_UP_IRQHandler
                0x080012d0                WWDG_RST_IRQHandler
                0x080012d0                BDMA_Channel4_IRQHandler
                0x080012d0                OTG_HS_EP1_OUT_IRQHandler
                0x080012d0                WWDG_IRQHandler
                0x080012d0                SPI6_IRQHandler
                0x080012d0                MDIOS_IRQHandler
                0x080012d0                I2C4_EV_IRQHandler
                0x080012d0                FDCAN2_IT0_IRQHandler
                0x080012d0                LPUART1_IRQHandler
                0x080012d0                FDCAN1_IT0_IRQHandler
                0x080012d0                TIM2_IRQHandler
                0x080012d0                OTG_FS_WKUP_IRQHandler
                0x080012d0                OTG_HS_IRQHandler
                0x080012d0                HSEM2_IRQHandler
                0x080012d0                DMA2D_IRQHandler
                0x080012d0                TIM1_BRK_IRQHandler
                0x080012d0                EXTI1_IRQHandler
                0x080012d0                SDMMC2_IRQHandler
                0x080012d0                OTG_FS_EP1_OUT_IRQHandler
                0x080012d0                BDMA_Channel3_IRQHandler
                0x080012d0                HOLD_CORE_IRQHandler
                0x080012d0                UART7_IRQHandler
                0x080012d0                MDIOS_WKUP_IRQHandler
                0x080012d0                USART2_IRQHandler
                0x080012d0                DFSDM1_FLT0_IRQHandler
                0x080012d0                SAI4_IRQHandler
                0x080012d0                I2C2_ER_IRQHandler
                0x080012d0                DMA2_Stream1_IRQHandler
                0x080012d0                FLASH_IRQHandler
                0x080012d0                DMA2_Stream4_IRQHandler
                0x080012d0                USART1_IRQHandler
                0x080012d0                OTG_FS_IRQHandler
                0x080012d0                SPI3_IRQHandler
                0x080012d0                WAKEUP_PIN_IRQHandler
                0x080012d0                DMA1_Stream4_IRQHandler
                0x080012d0                OTG_FS_EP1_IN_IRQHandler
                0x080012d0                I2C1_ER_IRQHandler
                0x080012d0                FMC_IRQHandler
                0x080012d0                FDCAN_CAL_IRQHandler
                0x080012d0                SWPMI1_IRQHandler
                0x080012d0                COMP1_IRQHandler
                0x080012d0                LPTIM1_IRQHandler
                0x080012d0                I2C4_ER_IRQHandler
                0x080012d0                DMA2_Stream6_IRQHandler
                0x080012d0                SAI1_IRQHandler
                0x080012d0                DMA1_Stream3_IRQHandler
 *fill*         0x080012d2        0x2 
 .text.HAL_Init
                0x080012d4       0x78 ./Drivers/STM32H7xx_HAL_Driver/stm32h7xx_hal.o
                0x080012d4                HAL_Init
 .text.HAL_InitTick
                0x0800134c       0x6c ./Drivers/STM32H7xx_HAL_Driver/stm32h7xx_hal.o
                0x0800134c                HAL_InitTick
 .text.HAL_IncTick
                0x080013b8       0x28 ./Drivers/STM32H7xx_HAL_Driver/stm32h7xx_hal.o
                0x080013b8                HAL_IncTick
 .text.HAL_GetTick
                0x080013e0       0x18 ./Drivers/STM32H7xx_HAL_Driver/stm32h7xx_hal.o
                0x080013e0                HAL_GetTick
 .text.HAL_GetREVID
                0x080013f8       0x18 ./Drivers/STM32H7xx_HAL_Driver/stm32h7xx_hal.o
                0x080013f8                HAL_GetREVID
 .text.__NVIC_SetPriorityGrouping
                0x08001410       0x48 ./Drivers/STM32H7xx_HAL_Driver/stm32h7xx_hal_cortex.o
 .text.__NVIC_GetPriorityGrouping
                0x08001458       0x1c ./Drivers/STM32H7xx_HAL_Driver/stm32h7xx_hal_cortex.o
 .text.__NVIC_SetPriority
                0x08001474       0x54 ./Drivers/STM32H7xx_HAL_Driver/stm32h7xx_hal_cortex.o
 .text.NVIC_EncodePriority
                0x080014c8       0x66 ./Drivers/STM32H7xx_HAL_Driver/stm32h7xx_hal_cortex.o
 *fill*         0x0800152e        0x2 
 .text.SysTick_Config
                0x08001530       0x44 ./Drivers/STM32H7xx_HAL_Driver/stm32h7xx_hal_cortex.o
 .text.HAL_NVIC_SetPriorityGrouping
                0x08001574       0x16 ./Drivers/STM32H7xx_HAL_Driver/stm32h7xx_hal_cortex.o
                0x08001574                HAL_NVIC_SetPriorityGrouping
 .text.HAL_NVIC_SetPriority
                0x0800158a       0x34 ./Drivers/STM32H7xx_HAL_Driver/stm32h7xx_hal_cortex.o
                0x0800158a                HAL_NVIC_SetPriority
 .text.HAL_SYSTICK_Config
                0x080015be       0x18 ./Drivers/STM32H7xx_HAL_Driver/stm32h7xx_hal_cortex.o
                0x080015be                HAL_SYSTICK_Config
 *fill*         0x080015d6        0x2 
 .text.HAL_GPIO_Init
                0x080015d8      0x360 ./Drivers/STM32H7xx_HAL_Driver/stm32h7xx_hal_gpio.o
                0x080015d8                HAL_GPIO_Init
 .text.HAL_GPIO_ReadPin
                0x08001938       0x30 ./Drivers/STM32H7xx_HAL_Driver/stm32h7xx_hal_gpio.o
                0x08001938                HAL_GPIO_ReadPin
 .text.HAL_HSEM_FastTake
                0x08001968       0x34 ./Drivers/STM32H7xx_HAL_Driver/stm32h7xx_hal_hsem.o
                0x08001968                HAL_HSEM_FastTake
 .text.HAL_HSEM_Release
                0x0800199c       0x28 ./Drivers/STM32H7xx_HAL_Driver/stm32h7xx_hal_hsem.o
                0x0800199c                HAL_HSEM_Release
 .text.HAL_PWREx_ConfigSupply
                0x080019c4       0xb4 ./Drivers/STM32H7xx_HAL_Driver/stm32h7xx_hal_pwr_ex.o
                0x080019c4                HAL_PWREx_ConfigSupply
 .text.HAL_RCC_OscConfig
                0x08001a78      0x8b4 ./Drivers/STM32H7xx_HAL_Driver/stm32h7xx_hal_rcc.o
                0x08001a78                HAL_RCC_OscConfig
 .text.HAL_RCC_ClockConfig
                0x0800232c      0x36c ./Drivers/STM32H7xx_HAL_Driver/stm32h7xx_hal_rcc.o
                0x0800232c                HAL_RCC_ClockConfig
 .text.HAL_RCC_GetSysClockFreq
                0x08002698      0x2f4 ./Drivers/STM32H7xx_HAL_Driver/stm32h7xx_hal_rcc.o
                0x08002698                HAL_RCC_GetSysClockFreq
 .text.HAL_RCC_GetHCLKFreq
                0x0800298c       0x60 ./Drivers/STM32H7xx_HAL_Driver/stm32h7xx_hal_rcc.o
                0x0800298c                HAL_RCC_GetHCLKFreq
 .text.HAL_RCC_GetPCLK1Freq
                0x080029ec       0x2c ./Drivers/STM32H7xx_HAL_Driver/stm32h7xx_hal_rcc.o
                0x080029ec                HAL_RCC_GetPCLK1Freq
 .text.HAL_RCC_GetPCLK2Freq
                0x08002a18       0x2c ./Drivers/STM32H7xx_HAL_Driver/stm32h7xx_hal_rcc.o
                0x08002a18                HAL_RCC_GetPCLK2Freq
 .text.HAL_RCCEx_PeriphCLKConfig
                0x08002a44     0x1414 ./Drivers/STM32H7xx_HAL_Driver/stm32h7xx_hal_rcc_ex.o
                0x08002a44                HAL_RCCEx_PeriphCLKConfig
 .text.HAL_RCCEx_GetD3PCLK1Freq
                0x08003e58       0x2c ./Drivers/STM32H7xx_HAL_Driver/stm32h7xx_hal_rcc_ex.o
                0x08003e58                HAL_RCCEx_GetD3PCLK1Freq
 .text.HAL_RCCEx_GetPLL2ClockFreq
                0x08003e84      0x2a8 ./Drivers/STM32H7xx_HAL_Driver/stm32h7xx_hal_rcc_ex.o
                0x08003e84                HAL_RCCEx_GetPLL2ClockFreq
 .text.HAL_RCCEx_GetPLL3ClockFreq
                0x0800412c      0x2a8 ./Drivers/STM32H7xx_HAL_Driver/stm32h7xx_hal_rcc_ex.o
                0x0800412c                HAL_RCCEx_GetPLL3ClockFreq
 .text.RCCEx_PLL2_Config
                0x080043d4      0x164 ./Drivers/STM32H7xx_HAL_Driver/stm32h7xx_hal_rcc_ex.o
 .text.RCCEx_PLL3_Config
                0x08004538      0x164 ./Drivers/STM32H7xx_HAL_Driver/stm32h7xx_hal_rcc_ex.o
 .text.HAL_TIM_PWM_Init
                0x0800469c       0xae ./Drivers/STM32H7xx_HAL_Driver/stm32h7xx_hal_tim.o
                0x0800469c                HAL_TIM_PWM_Init
 *fill*         0x0800474a        0x2 
 .text.HAL_TIM_PWM_Start
                0x0800474c      0x21c ./Drivers/STM32H7xx_HAL_Driver/stm32h7xx_hal_tim.o
                0x0800474c                HAL_TIM_PWM_Start
 .text.HAL_TIM_PWM_ConfigChannel
                0x08004968      0x228 ./Drivers/STM32H7xx_HAL_Driver/stm32h7xx_hal_tim.o
                0x08004968                HAL_TIM_PWM_ConfigChannel
 .text.TIM_Base_SetConfig
                0x08004b90      0x140 ./Drivers/STM32H7xx_HAL_Driver/stm32h7xx_hal_tim.o
                0x08004b90                TIM_Base_SetConfig
 .text.TIM_OC1_SetConfig
                0x08004cd0      0x120 ./Drivers/STM32H7xx_HAL_Driver/stm32h7xx_hal_tim.o
 .text.TIM_OC2_SetConfig
                0x08004df0      0x114 ./Drivers/STM32H7xx_HAL_Driver/stm32h7xx_hal_tim.o
                0x08004df0                TIM_OC2_SetConfig
 .text.TIM_OC3_SetConfig
                0x08004f04      0x110 ./Drivers/STM32H7xx_HAL_Driver/stm32h7xx_hal_tim.o
 .text.TIM_OC4_SetConfig
                0x08005014       0xd4 ./Drivers/STM32H7xx_HAL_Driver/stm32h7xx_hal_tim.o
 .text.TIM_OC5_SetConfig
                0x080050e8       0xc8 ./Drivers/STM32H7xx_HAL_Driver/stm32h7xx_hal_tim.o
 .text.TIM_OC6_SetConfig
                0x080051b0       0xcc ./Drivers/STM32H7xx_HAL_Driver/stm32h7xx_hal_tim.o
 .text.TIM_CCxChannelCmd
                0x0800527c       0x4a ./Drivers/STM32H7xx_HAL_Driver/stm32h7xx_hal_tim.o
                0x0800527c                TIM_CCxChannelCmd
 *fill*         0x080052c6        0x2 
 .text.HAL_TIMEx_MasterConfigSynchronization
                0x080052c8      0x11c ./Drivers/STM32H7xx_HAL_Driver/stm32h7xx_hal_tim_ex.o
                0x080052c8                HAL_TIMEx_MasterConfigSynchronization
 .text.HAL_UART_Init
                0x080053e4       0xa0 ./Drivers/STM32H7xx_HAL_Driver/stm32h7xx_hal_uart.o
                0x080053e4                HAL_UART_Init
 .text.UART_SetConfig
                0x08005484      0xad0 ./Drivers/STM32H7xx_HAL_Driver/stm32h7xx_hal_uart.o
                0x08005484                UART_SetConfig
 .text.UART_AdvFeatureConfig
                0x08005f54      0x144 ./Drivers/STM32H7xx_HAL_Driver/stm32h7xx_hal_uart.o
                0x08005f54                UART_AdvFeatureConfig
 .text.UART_CheckIdleState
                0x08006098      0x154 ./Drivers/STM32H7xx_HAL_Driver/stm32h7xx_hal_uart.o
                0x08006098                UART_CheckIdleState
 .text.UART_WaitOnFlagUntilTimeout
                0x080061ec       0xda ./Drivers/STM32H7xx_HAL_Driver/stm32h7xx_hal_uart.o
                0x080061ec                UART_WaitOnFlagUntilTimeout
 *fill*         0x080062c6        0x2 
 .text.UART_EndRxTransfer
                0x080062c8       0xcc ./Drivers/STM32H7xx_HAL_Driver/stm32h7xx_hal_uart.o
 .text.HAL_UARTEx_DisableFifoMode
                0x08006394       0x72 ./Drivers/STM32H7xx_HAL_Driver/stm32h7xx_hal_uart_ex.o
                0x08006394                HAL_UARTEx_DisableFifoMode
 .text.HAL_UARTEx_SetTxFifoThreshold
                0x08006406       0x7c ./Drivers/STM32H7xx_HAL_Driver/stm32h7xx_hal_uart_ex.o
                0x08006406                HAL_UARTEx_SetTxFifoThreshold
 .text.HAL_UARTEx_SetRxFifoThreshold
                0x08006482       0x7c ./Drivers/STM32H7xx_HAL_Driver/stm32h7xx_hal_uart_ex.o
                0x08006482                HAL_UARTEx_SetRxFifoThreshold
 *fill*         0x080064fe        0x2 
 .text.UARTEx_SetNbDataToProcess
                0x08006500       0x9c ./Drivers/STM32H7xx_HAL_Driver/stm32h7xx_hal_uart_ex.o
 .text.__NVIC_SetPriority
                0x0800659c       0x54 ./Middlewares/Third_Party/FreeRTOS/cmsis_os2.o
 .text.SVC_Setup
                0x080065f0       0x12 ./Middlewares/Third_Party/FreeRTOS/cmsis_os2.o
 *fill*         0x08006602        0x2 
 .text.osKernelInitialize
                0x08006604       0x48 ./Middlewares/Third_Party/FreeRTOS/cmsis_os2.o
                0x08006604                osKernelInitialize
 .text.osKernelStart
                0x0800664c       0x4c ./Middlewares/Third_Party/FreeRTOS/cmsis_os2.o
                0x0800664c                osKernelStart
 .text.osThreadNew
                0x08006698      0x124 ./Middlewares/Third_Party/FreeRTOS/cmsis_os2.o
                0x08006698                osThreadNew
 .text.osDelay  0x080067bc       0x36 ./Middlewares/Third_Party/FreeRTOS/cmsis_os2.o
                0x080067bc                osDelay
 *fill*         0x080067f2        0x2 
 .text.vApplicationGetIdleTaskMemory
                0x080067f4       0x34 ./Middlewares/Third_Party/FreeRTOS/cmsis_os2.o
                0x080067f4                vApplicationGetIdleTaskMemory
 .text.vApplicationGetTimerTaskMemory
                0x08006828       0x34 ./Middlewares/Third_Party/FreeRTOS/cmsis_os2.o
                0x08006828                vApplicationGetTimerTaskMemory
 .text.pvPortMalloc
                0x0800685c      0x19c ./Middlewares/Third_Party/FreeRTOS/heap_4.o
                0x0800685c                pvPortMalloc
 .text.vPortFree
                0x080069f8       0xc8 ./Middlewares/Third_Party/FreeRTOS/heap_4.o
                0x080069f8                vPortFree
 .text.prvHeapInit
                0x08006ac0       0xc4 ./Middlewares/Third_Party/FreeRTOS/heap_4.o
 .text.prvInsertBlockIntoFreeList
                0x08006b84       0xb4 ./Middlewares/Third_Party/FreeRTOS/heap_4.o
 .text.vListInitialise
                0x08006c38       0x40 ./Middlewares/Third_Party/FreeRTOS/list.o
                0x08006c38                vListInitialise
 .text.vListInitialiseItem
                0x08006c78       0x1a ./Middlewares/Third_Party/FreeRTOS/list.o
                0x08006c78                vListInitialiseItem
 .text.vListInsertEnd
                0x08006c92       0x48 ./Middlewares/Third_Party/FreeRTOS/list.o
                0x08006c92                vListInsertEnd
 .text.vListInsert
                0x08006cda       0x72 ./Middlewares/Third_Party/FreeRTOS/list.o
                0x08006cda                vListInsert
 .text.uxListRemove
                0x08006d4c       0x54 ./Middlewares/Third_Party/FreeRTOS/list.o
                0x08006d4c                uxListRemove
 .text.pxPortInitialiseStack
                0x08006da0       0x68 ./Middlewares/Third_Party/FreeRTOS/port.o
                0x08006da0                pxPortInitialiseStack
 .text.prvTaskExitError
                0x08006e08       0x5c ./Middlewares/Third_Party/FreeRTOS/port.o
 *fill*         0x08006e64        0xc 
 .text.SVC_Handler
                0x08006e70       0x28 ./Middlewares/Third_Party/FreeRTOS/port.o
                0x08006e70                SVC_Handler
 .text.prvPortStartFirstTask
                0x08006e98       0x28 ./Middlewares/Third_Party/FreeRTOS/port.o
 .text.xPortStartScheduler
                0x08006ec0      0x148 ./Middlewares/Third_Party/FreeRTOS/port.o
                0x08006ec0                xPortStartScheduler
 .text.vPortEnterCritical
                0x08007008       0x64 ./Middlewares/Third_Party/FreeRTOS/port.o
                0x08007008                vPortEnterCritical
 .text.vPortExitCritical
                0x0800706c       0x54 ./Middlewares/Third_Party/FreeRTOS/port.o
                0x0800706c                vPortExitCritical
 .text.PendSV_Handler
                0x080070c0       0x68 ./Middlewares/Third_Party/FreeRTOS/port.o
                0x080070c0                PendSV_Handler
 .text.xPortSysTickHandler
                0x08007128       0x44 ./Middlewares/Third_Party/FreeRTOS/port.o
                0x08007128                xPortSysTickHandler
 .text.vPortSetupTimerInterrupt
                0x0800716c       0x48 ./Middlewares/Third_Party/FreeRTOS/port.o
                0x0800716c                vPortSetupTimerInterrupt
 .text.vPortEnableVFP
                0x080071b4       0x14 ./Middlewares/Third_Party/FreeRTOS/port.o
 .text.vPortValidateInterruptPriority
                0x080071c8       0x84 ./Middlewares/Third_Party/FreeRTOS/port.o
                0x080071c8                vPortValidateInterruptPriority
 .text.xQueueGenericReset
                0x0800724c       0xd4 ./Middlewares/Third_Party/FreeRTOS/queue.o
                0x0800724c                xQueueGenericReset
 .text.xQueueGenericCreateStatic
                0x08007320       0xfa ./Middlewares/Third_Party/FreeRTOS/queue.o
                0x08007320                xQueueGenericCreateStatic
 .text.prvInitialiseNewQueue
                0x0800741a       0x46 ./Middlewares/Third_Party/FreeRTOS/queue.o
 .text.xQueueGenericSend
                0x08007460      0x204 ./Middlewares/Third_Party/FreeRTOS/queue.o
                0x08007460                xQueueGenericSend
 .text.xQueueGenericSendFromISR
                0x08007664      0x13c ./Middlewares/Third_Party/FreeRTOS/queue.o
                0x08007664                xQueueGenericSendFromISR
 .text.xQueueReceive
                0x080077a0      0x1c4 ./Middlewares/Third_Party/FreeRTOS/queue.o
                0x080077a0                xQueueReceive
 .text.prvCopyDataToQueue
                0x08007964       0xd4 ./Middlewares/Third_Party/FreeRTOS/queue.o
 .text.prvCopyDataFromQueue
                0x08007a38       0x4c ./Middlewares/Third_Party/FreeRTOS/queue.o
 .text.prvUnlockQueue
                0x08007a84       0xa4 ./Middlewares/Third_Party/FreeRTOS/queue.o
 .text.prvIsQueueEmpty
                0x08007b28       0x2c ./Middlewares/Third_Party/FreeRTOS/queue.o
 .text.prvIsQueueFull
                0x08007b54       0x30 ./Middlewares/Third_Party/FreeRTOS/queue.o
 .text.vQueueAddToRegistry
                0x08007b84       0x54 ./Middlewares/Third_Party/FreeRTOS/queue.o
                0x08007b84                vQueueAddToRegistry
 .text.vQueueWaitForMessageRestricted
                0x08007bd8       0x68 ./Middlewares/Third_Party/FreeRTOS/queue.o
                0x08007bd8                vQueueWaitForMessageRestricted
 .text.xTaskCreateStatic
                0x08007c40       0xc0 ./Middlewares/Third_Party/FreeRTOS/tasks.o
                0x08007c40                xTaskCreateStatic
 .text.xTaskCreate
                0x08007d00       0x8a ./Middlewares/Third_Party/FreeRTOS/tasks.o
                0x08007d00                xTaskCreate
 .text.prvInitialiseNewTask
                0x08007d8a      0x120 ./Middlewares/Third_Party/FreeRTOS/tasks.o
 *fill*         0x08007eaa        0x2 
 .text.prvAddNewTaskToReadyList
                0x08007eac       0xe0 ./Middlewares/Third_Party/FreeRTOS/tasks.o
 .text.vTaskDelay
                0x08007f8c       0x6c ./Middlewares/Third_Party/FreeRTOS/tasks.o
                0x08007f8c                vTaskDelay
 .text.vTaskStartScheduler
                0x08007ff8       0xd0 ./Middlewares/Third_Party/FreeRTOS/tasks.o
                0x08007ff8                vTaskStartScheduler
 .text.vTaskSuspendAll
                0x080080c8       0x1c ./Middlewares/Third_Party/FreeRTOS/tasks.o
                0x080080c8                vTaskSuspendAll
 .text.xTaskResumeAll
                0x080080e4      0x13c ./Middlewares/Third_Party/FreeRTOS/tasks.o
                0x080080e4                xTaskResumeAll
 .text.xTaskGetTickCount
                0x08008220       0x20 ./Middlewares/Third_Party/FreeRTOS/tasks.o
                0x08008220                xTaskGetTickCount
 .text.xTaskIncrementTick
                0x08008240      0x174 ./Middlewares/Third_Party/FreeRTOS/tasks.o
                0x08008240                xTaskIncrementTick
 .text.vTaskSwitchContext
                0x080083b4       0xbc ./Middlewares/Third_Party/FreeRTOS/tasks.o
                0x080083b4                vTaskSwitchContext
 .text.vTaskPlaceOnEventList
                0x08008470       0x4c ./Middlewares/Third_Party/FreeRTOS/tasks.o
                0x08008470                vTaskPlaceOnEventList
 .text.vTaskPlaceOnEventListRestricted
                0x080084bc       0x58 ./Middlewares/Third_Party/FreeRTOS/tasks.o
                0x080084bc                vTaskPlaceOnEventListRestricted
 .text.xTaskRemoveFromEventList
                0x08008514       0xc8 ./Middlewares/Third_Party/FreeRTOS/tasks.o
                0x08008514                xTaskRemoveFromEventList
 .text.vTaskInternalSetTimeOutState
                0x080085dc       0x2c ./Middlewares/Third_Party/FreeRTOS/tasks.o
                0x080085dc                vTaskInternalSetTimeOutState
 .text.xTaskCheckForTimeOut
                0x08008608       0xc8 ./Middlewares/Third_Party/FreeRTOS/tasks.o
                0x08008608                xTaskCheckForTimeOut
 .text.vTaskMissedYield
                0x080086d0       0x18 ./Middlewares/Third_Party/FreeRTOS/tasks.o
                0x080086d0                vTaskMissedYield
 .text.prvIdleTask
                0x080086e8       0x30 ./Middlewares/Third_Party/FreeRTOS/tasks.o
 .text.prvInitialiseTaskLists
                0x08008718       0x80 ./Middlewares/Third_Party/FreeRTOS/tasks.o
 .text.prvCheckTasksWaitingTermination
                0x08008798       0x5c ./Middlewares/Third_Party/FreeRTOS/tasks.o
 .text.prvDeleteTCB
                0x080087f4       0x60 ./Middlewares/Third_Party/FreeRTOS/tasks.o
 .text.prvResetNextTaskUnblockTime
                0x08008854       0x40 ./Middlewares/Third_Party/FreeRTOS/tasks.o
 .text.xTaskGetSchedulerState
                0x08008894       0x3c ./Middlewares/Third_Party/FreeRTOS/tasks.o
                0x08008894                xTaskGetSchedulerState
 .text.xTaskPriorityDisinherit
                0x080088d0       0xe0 ./Middlewares/Third_Party/FreeRTOS/tasks.o
                0x080088d0                xTaskPriorityDisinherit
 .text.prvAddCurrentTaskToDelayedList
                0x080089b0       0xa8 ./Middlewares/Third_Party/FreeRTOS/tasks.o
 .text.xTimerCreateTimerTask
                0x08008a58       0x94 ./Middlewares/Third_Party/FreeRTOS/timers.o
                0x08008a58                xTimerCreateTimerTask
 .text.xTimerGenericCommand
                0x08008aec       0x9c ./Middlewares/Third_Party/FreeRTOS/timers.o
                0x08008aec                xTimerGenericCommand
 .text.prvProcessExpiredTimer
                0x08008b88       0x9c ./Middlewares/Third_Party/FreeRTOS/timers.o
 .text.prvTimerTask
                0x08008c24       0x26 ./Middlewares/Third_Party/FreeRTOS/timers.o
 *fill*         0x08008c4a        0x2 
 .text.prvProcessTimerOrBlockTask
                0x08008c4c       0x9c ./Middlewares/Third_Party/FreeRTOS/timers.o
 .text.prvGetNextExpireTime
                0x08008ce8       0x48 ./Middlewares/Third_Party/FreeRTOS/timers.o
 .text.prvSampleTimeNow
                0x08008d30       0x40 ./Middlewares/Third_Party/FreeRTOS/timers.o
 .text.prvInsertTimerInActiveList
                0x08008d70       0x84 ./Middlewares/Third_Party/FreeRTOS/timers.o
 .text.prvProcessReceivedCommands
                0x08008df4      0x1cc ./Middlewares/Third_Party/FreeRTOS/timers.o
 .text.prvSwitchTimerLists
                0x08008fc0       0xcc ./Middlewares/Third_Party/FreeRTOS/timers.o
 .text.prvCheckForValidListAndQueue
                0x0800908c       0x80 ./Middlewares/Third_Party/FreeRTOS/timers.o
 .text.memset   0x0800910c       0x10 C:/ST/STM32CubeIDE_2.0.0/STM32CubeIDE/plugins/com.st.stm32cube.ide.mcu.externaltools.gnu-tools-for-stm32.13.3.rel1.win32_1.0.100.202509120712/tools/bin/../lib/gcc/arm-none-eabi/13.3.1/../../../../arm-none-eabi/lib/thumb/v7e-m+dp/hard\libc_nano.a(libc_a-memset.o)
                0x0800910c                memset
 .text.__libc_init_array
                0x0800911c       0x48 C:/ST/STM32CubeIDE_2.0.0/STM32CubeIDE/plugins/com.st.stm32cube.ide.mcu.externaltools.gnu-tools-for-stm32.13.3.rel1.win32_1.0.100.202509120712/tools/bin/../lib/gcc/arm-none-eabi/13.3.1/../../../../arm-none-eabi/lib/thumb/v7e-m+dp/hard\libc_nano.a(libc_a-init.o)
                0x0800911c                __libc_init_array
 .text.memcpy   0x08009164       0x1c C:/ST/STM32CubeIDE_2.0.0/STM32CubeIDE/plugins/com.st.stm32cube.ide.mcu.externaltools.gnu-tools-for-stm32.13.3.rel1.win32_1.0.100.202509120712/tools/bin/../lib/gcc/arm-none-eabi/13.3.1/../../../../arm-none-eabi/lib/thumb/v7e-m+dp/hard\libc_nano.a(libc_a-memcpy-stub.o)
                0x08009164                memcpy
 *(.glue_7)
 .glue_7        0x08009180        0x0 linker stubs
 *(.glue_7t)
 .glue_7t       0x08009180        0x0 linker stubs
 *(.eh_frame)
 .eh_frame      0x08009180        0x0 C:/ST/STM32CubeIDE_2.0.0/STM32CubeIDE/plugins/com.st.stm32cube.ide.mcu.externaltools.gnu-tools-for-stm32.13.3.rel1.win32_1.0.100.202509120712/tools/bin/../lib/gcc/arm-none-eabi/13.3.1/thumb/v7e-m+dp/hard/crtbegin.o
 *(.init)
 .init          0x08009180        0x4 C:/ST/STM32CubeIDE_2.0.0/STM32CubeIDE/plugins/com.st.stm32cube.ide.mcu.externaltools.gnu-tools-for-stm32.13.3.rel1.win32_1.0.100.202509120712/tools/bin/../lib/gcc/arm-none-eabi/13.3.1/thumb/v7e-m+dp/hard/crti.o
                0x08009180                _init
 .init          0x08009184        0x8 C:/ST/STM32CubeIDE_2.0.0/STM32CubeIDE/plugins/com.st.stm32cube.ide.mcu.externaltools.gnu-tools-for-stm32.13.3.rel1.win32_1.0.100.202509120712/tools/bin/../lib/gcc/arm-none-eabi/13.3.1/thumb/v7e-m+dp/hard/crtn.o
 *(.fini)
 .fini          0x0800918c        0x4 C:/ST/STM32CubeIDE_2.0.0/STM32CubeIDE/plugins/com.st.stm32cube.ide.mcu.externaltools.gnu-tools-for-stm32.13.3.rel1.win32_1.0.100.202509120712/tools/bin/../lib/gcc/arm-none-eabi/13.3.1/thumb/v7e-m+dp/hard/crti.o
                0x0800918c                _fini
 .fini          0x08009190        0x8 C:/ST/STM32CubeIDE_2.0.0/STM32CubeIDE/plugins/com.st.stm32cube.ide.mcu.externaltools.gnu-tools-for-stm32.13.3.rel1.win32_1.0.100.202509120712/tools/bin/../lib/gcc/arm-none-eabi/13.3.1/thumb/v7e-m+dp/hard/crtn.o
                0x08009198                        . = ALIGN (0x4)
                0x08009198                        _etext = .

.vfp11_veneer   0x08009198        0x0
 .vfp11_veneer  0x08009198        0x0 linker stubs

.v4_bx          0x08009198        0x0
 .v4_bx         0x08009198        0x0 linker stubs

.iplt           0x08009198        0x0
 .iplt          0x08009198        0x0 C:/ST/STM32CubeIDE_2.0.0/STM32CubeIDE/plugins/com.st.stm32cube.ide.mcu.externaltools.gnu-tools-for-stm32.13.3.rel1.win32_1.0.100.202509120712/tools/bin/../lib/gcc/arm-none-eabi/13.3.1/thumb/v7e-m+dp/hard/crtbegin.o

.rodata         0x08009198       0xc0
                0x08009198                        . = ALIGN (0x4)
 *(.rodata)
 .rodata        0x08009198       0x28 ./Core/Src/main.o
 .rodata        0x080091c0        0x5 ./Middlewares/Third_Party/FreeRTOS/tasks.o
 *fill*         0x080091c5        0x3 
 .rodata        0x080091c8        0xd ./Middlewares/Third_Party/FreeRTOS/timers.o
 *(.rodata*)
 *fill*         0x080091d5        0x3 
 .rodata.D1CorePrescTable
                0x080091d8       0x10 ./Common/Src/system_stm32h7xx_dualcore_boot_cm4_cm7.o
                0x080091d8                D1CorePrescTable
 .rodata.defaultTask_attributes
                0x080091e8       0x24 ./Core/Src/main.o
                0x080091e8                defaultTask_attributes
 .rodata.myTask02_attributes
                0x0800920c       0x24 ./Core/Src/main.o
                0x0800920c                myTask02_attributes
 .rodata.UARTPrescTable
                0x08009230       0x18 ./Drivers/STM32H7xx_HAL_Driver/stm32h7xx_hal_uart.o
                0x08009230                UARTPrescTable
 .rodata.numerator.1
                0x08009248        0x8 ./Drivers/STM32H7xx_HAL_Driver/stm32h7xx_hal_uart_ex.o
 .rodata.denominator.0
                0x08009250        0x8 ./Drivers/STM32H7xx_HAL_Driver/stm32h7xx_hal_uart_ex.o
                0x08009258                        . = ALIGN (0x4)

.ARM.extab      0x08009258        0x0
                0x08009258                        . = ALIGN (0x4)
 *(.ARM.extab* .gnu.linkonce.armextab.*)
                0x08009258                        . = ALIGN (0x4)

.ARM            0x08009258        0x8
                0x08009258                        . = ALIGN (0x4)
                0x08009258                        __exidx_start = .
 *(.ARM.exidx*)
 .ARM.exidx     0x08009258        0x8 C:/ST/STM32CubeIDE_2.0.0/STM32CubeIDE/plugins/com.st.stm32cube.ide.mcu.externaltools.gnu-tools-for-stm32.13.3.rel1.win32_1.0.100.202509120712/tools/bin/../lib/gcc/arm-none-eabi/13.3.1/thumb/v7e-m+dp/hard\libgcc.a(_udivmoddi4.o)
                0x08009260                        __exidx_end = .
                0x08009260                        . = ALIGN (0x4)

.preinit_array  0x08009260        0x0
                0x08009260                        . = ALIGN (0x4)
                0x08009260                        PROVIDE (__preinit_array_start = .)
 *(.preinit_array*)
                0x08009260                        PROVIDE (__preinit_array_end = .)
                0x08009260                        . = ALIGN (0x4)

.init_array     0x08009260        0x4
                0x08009260                        . = ALIGN (0x4)
                0x08009260                        PROVIDE (__init_array_start = .)
 *(SORT_BY_NAME(.init_array.*))
 *(.init_array*)
 .init_array    0x08009260        0x4 C:/ST/STM32CubeIDE_2.0.0/STM32CubeIDE/plugins/com.st.stm32cube.ide.mcu.externaltools.gnu-tools-for-stm32.13.3.rel1.win32_1.0.100.202509120712/tools/bin/../lib/gcc/arm-none-eabi/13.3.1/thumb/v7e-m+dp/hard/crtbegin.o
                0x08009264                        PROVIDE (__init_array_end = .)
                0x08009264                        . = ALIGN (0x4)

.fini_array     0x08009264        0x4
                0x08009264                        . = ALIGN (0x4)
                [!provide]                        PROVIDE (__fini_array_start = .)
 *(SORT_BY_NAME(.fini_array.*))
 *(.fini_array*)
 .fini_array    0x08009264        0x4 C:/ST/STM32CubeIDE_2.0.0/STM32CubeIDE/plugins/com.st.stm32cube.ide.mcu.externaltools.gnu-tools-for-stm32.13.3.rel1.win32_1.0.100.202509120712/tools/bin/../lib/gcc/arm-none-eabi/13.3.1/thumb/v7e-m+dp/hard/crtbegin.o
                [!provide]                        PROVIDE (__fini_array_end = .)
                0x08009268                        . = ALIGN (0x4)
                0x08009268                        _sidata = LOADADDR (.data)

.rel.dyn        0x08009268        0x0
 .rel.iplt      0x08009268        0x0 C:/ST/STM32CubeIDE_2.0.0/STM32CubeIDE/plugins/com.st.stm32cube.ide.mcu.externaltools.gnu-tools-for-stm32.13.3.rel1.win32_1.0.100.202509120712/tools/bin/../lib/gcc/arm-none-eabi/13.3.1/thumb/v7e-m+dp/hard/crtbegin.o

.data           0x24000000       0x14 load address 0x08009268
                0x24000000                        . = ALIGN (0x4)
                0x24000000                        _sdata = .
 *(.data)
 *(.data*)
 .data.SystemCoreClock
                0x24000000        0x4 ./Common/Src/system_stm32h7xx_dualcore_boot_cm4_cm7.o
                0x24000000                SystemCoreClock
 .data.SystemD2Clock
                0x24000004        0x4 ./Common/Src/system_stm32h7xx_dualcore_boot_cm4_cm7.o
                0x24000004                SystemD2Clock
 .data.uwTickPrio
                0x24000008        0x4 ./Drivers/STM32H7xx_HAL_Driver/stm32h7xx_hal.o
                0x24000008                uwTickPrio
 .data.uwTickFreq
                0x2400000c        0x1 ./Drivers/STM32H7xx_HAL_Driver/stm32h7xx_hal.o
                0x2400000c                uwTickFreq
 *fill*         0x2400000d        0x3 
 .data.uxCriticalNesting
                0x24000010        0x4 ./Middlewares/Third_Party/FreeRTOS/port.o
 *(.RamFunc)
 *(.RamFunc*)
                0x24000014                        . = ALIGN (0x4)
                0x24000014                        _edata = .

.igot.plt       0x24000014        0x0 load address 0x0800927c
 .igot.plt      0x24000014        0x0 C:/ST/STM32CubeIDE_2.0.0/STM32CubeIDE/plugins/com.st.stm32cube.ide.mcu.externaltools.gnu-tools-for-stm32.13.3.rel1.win32_1.0.100.202509120712/tools/bin/../lib/gcc/arm-none-eabi/13.3.1/thumb/v7e-m+dp/hard/crtbegin.o
                0x24000014                        . = ALIGN (0x4)

.bss            0x24000018     0x5b5c load address 0x0800927c
                0x24000018                        _sbss = .
                0x24000018                        __bss_start__ = _sbss
 *(.bss)
 .bss           0x24000018       0x1c C:/ST/STM32CubeIDE_2.0.0/STM32CubeIDE/plugins/com.st.stm32cube.ide.mcu.externaltools.gnu-tools-for-stm32.13.3.rel1.win32_1.0.100.202509120712/tools/bin/../lib/gcc/arm-none-eabi/13.3.1/thumb/v7e-m+dp/hard/crtbegin.o
 *(.bss*)
 *fill*         0x24000034        0x4 
 .bss.rtDW      0x24000038       0x18 ./Core/Src/flap.o
                0x24000038                rtDW
 .bss.rtU       0x24000050       0x10 ./Core/Src/flap.o
                0x24000050                rtU
 .bss.rtY       0x24000060       0x20 ./Core/Src/flap.o
                0x24000060                rtY
 .bss.htim2     0x24000080       0x4c ./Core/Src/main.o
                0x24000080                htim2
 .bss.huart4    0x240000cc       0x94 ./Core/Src/main.o
                0x240000cc                huart4
 .bss.defaultTaskHandle
                0x24000160        0x4 ./Core/Src/main.o
                0x24000160                defaultTaskHandle
 .bss.defaultTaskBuffer
                0x24000164      0x800 ./Core/Src/main.o
                0x24000164                defaultTaskBuffer
 .bss.defaultTaskControlBlock
                0x24000964       0x5c ./Core/Src/main.o
                0x24000964                defaultTaskControlBlock
 .bss.myTask02Handle
                0x240009c0        0x4 ./Core/Src/main.o
                0x240009c0                myTask02Handle
 .bss.myTask02Buffer
                0x240009c4      0x800 ./Core/Src/main.o
                0x240009c4                myTask02Buffer
 .bss.myTask02ControlBlock
                0x240011c4       0x5c ./Core/Src/main.o
                0x240011c4                myTask02ControlBlock
 .bss.uwTick    0x24001220        0x4 ./Drivers/STM32H7xx_HAL_Driver/stm32h7xx_hal.o
                0x24001220                uwTick
 .bss.KernelState
                0x24001224        0x4 ./Middlewares/Third_Party/FreeRTOS/cmsis_os2.o
 .bss.Idle_TCB.3
                0x24001228       0x5c ./Middlewares/Third_Party/FreeRTOS/cmsis_os2.o
 .bss.Idle_Stack.2
                0x24001284      0x200 ./Middlewares/Third_Party/FreeRTOS/cmsis_os2.o
 .bss.Timer_TCB.1
                0x24001484       0x5c ./Middlewares/Third_Party/FreeRTOS/cmsis_os2.o
 .bss.Timer_Stack.0
                0x240014e0      0x400 ./Middlewares/Third_Party/FreeRTOS/cmsis_os2.o
 .bss.ucHeap    0x240018e0     0x3c00 ./Middlewares/Third_Party/FreeRTOS/heap_4.o
 .bss.xStart    0x240054e0        0x8 ./Middlewares/Third_Party/FreeRTOS/heap_4.o
 .bss.pxEnd     0x240054e8        0x4 ./Middlewares/Third_Party/FreeRTOS/heap_4.o
 .bss.xFreeBytesRemaining
                0x240054ec        0x4 ./Middlewares/Third_Party/FreeRTOS/heap_4.o
 .bss.xMinimumEverFreeBytesRemaining
                0x240054f0        0x4 ./Middlewares/Third_Party/FreeRTOS/heap_4.o
 .bss.xNumberOfSuccessfulAllocations
                0x240054f4        0x4 ./Middlewares/Third_Party/FreeRTOS/heap_4.o
 .bss.xNumberOfSuccessfulFrees
                0x240054f8        0x4 ./Middlewares/Third_Party/FreeRTOS/heap_4.o
 .bss.xBlockAllocatedBit
                0x240054fc        0x4 ./Middlewares/Third_Party/FreeRTOS/heap_4.o
 .bss.ucMaxSysCallPriority
                0x24005500        0x1 ./Middlewares/Third_Party/FreeRTOS/port.o
 *fill*         0x24005501        0x3 
 .bss.ulMaxPRIGROUPValue
                0x24005504        0x4 ./Middlewares/Third_Party/FreeRTOS/port.o
 .bss.xQueueRegistry
                0x24005508       0x40 ./Middlewares/Third_Party/FreeRTOS/queue.o
                0x24005508                xQueueRegistry
 .bss.pxCurrentTCB
                0x24005548        0x4 ./Middlewares/Third_Party/FreeRTOS/tasks.o
                0x24005548                pxCurrentTCB
 .bss.pxReadyTasksLists
                0x2400554c      0x460 ./Middlewares/Third_Party/FreeRTOS/tasks.o
 .bss.xDelayedTaskList1
                0x240059ac       0x14 ./Middlewares/Third_Party/FreeRTOS/tasks.o
 .bss.xDelayedTaskList2
                0x240059c0       0x14 ./Middlewares/Third_Party/FreeRTOS/tasks.o
 .bss.pxDelayedTaskList
                0x240059d4        0x4 ./Middlewares/Third_Party/FreeRTOS/tasks.o
 .bss.pxOverflowDelayedTaskList
                0x240059d8        0x4 ./Middlewares/Third_Party/FreeRTOS/tasks.o
 .bss.xPendingReadyList
                0x240059dc       0x14 ./Middlewares/Third_Party/FreeRTOS/tasks.o
 .bss.xTasksWaitingTermination
                0x240059f0       0x14 ./Middlewares/Third_Party/FreeRTOS/tasks.o
 .bss.uxDeletedTasksWaitingCleanUp
                0x24005a04        0x4 ./Middlewares/Third_Party/FreeRTOS/tasks.o
 .bss.xSuspendedTaskList
                0x24005a08       0x14 ./Middlewares/Third_Party/FreeRTOS/tasks.o
 .bss.uxCurrentNumberOfTasks
                0x24005a1c        0x4 ./Middlewares/Third_Party/FreeRTOS/tasks.o
 .bss.xTickCount
                0x24005a20        0x4 ./Middlewares/Third_Party/FreeRTOS/tasks.o
 .bss.uxTopReadyPriority
                0x24005a24        0x4 ./Middlewares/Third_Party/FreeRTOS/tasks.o
 .bss.xSchedulerRunning
                0x24005a28        0x4 ./Middlewares/Third_Party/FreeRTOS/tasks.o
 .bss.xPendedTicks
                0x24005a2c        0x4 ./Middlewares/Third_Party/FreeRTOS/tasks.o
 .bss.xYieldPending
                0x24005a30        0x4 ./Middlewares/Third_Party/FreeRTOS/tasks.o
 .bss.xNumOfOverflows
                0x24005a34        0x4 ./Middlewares/Third_Party/FreeRTOS/tasks.o
 .bss.uxTaskNumber
                0x24005a38        0x4 ./Middlewares/Third_Party/FreeRTOS/tasks.o
 .bss.xNextTaskUnblockTime
                0x24005a3c        0x4 ./Middlewares/Third_Party/FreeRTOS/tasks.o
 .bss.xIdleTaskHandle
                0x24005a40        0x4 ./Middlewares/Third_Party/FreeRTOS/tasks.o
 .bss.uxSchedulerSuspended
                0x24005a44        0x4 ./Middlewares/Third_Party/FreeRTOS/tasks.o
 .bss.xActiveTimerList1
                0x24005a48       0x14 ./Middlewares/Third_Party/FreeRTOS/timers.o
 .bss.xActiveTimerList2
                0x24005a5c       0x14 ./Middlewares/Third_Party/FreeRTOS/timers.o
 .bss.pxCurrentTimerList
                0x24005a70        0x4 ./Middlewares/Third_Party/FreeRTOS/timers.o
 .bss.pxOverflowTimerList
                0x24005a74        0x4 ./Middlewares/Third_Party/FreeRTOS/timers.o
 .bss.xTimerQueue
                0x24005a78        0x4 ./Middlewares/Third_Party/FreeRTOS/timers.o
 .bss.xTimerTaskHandle
                0x24005a7c        0x4 ./Middlewares/Third_Party/FreeRTOS/timers.o
 .bss.xLastTime.2
                0x24005a80        0x4 ./Middlewares/Third_Party/FreeRTOS/timers.o
 .bss.ucStaticTimerQueueStorage.1
                0x24005a84       0xa0 ./Middlewares/Third_Party/FreeRTOS/timers.o
 .bss.xStaticTimerQueue.0
                0x24005b24       0x50 ./Middlewares/Third_Party/FreeRTOS/timers.o
 *(COMMON)
                0x24005b74                        . = ALIGN (0x4)
                0x24005b74                        _ebss = .
                0x24005b74                        __bss_end__ = _ebss

._user_heap_stack
                0x24005b74      0x604 load address 0x0800927c
                0x24005b78                        . = ALIGN (0x8)
 *fill*         0x24005b74        0x4 
                [!provide]                        PROVIDE (end = .)
                0x24005b78                        PROVIDE (_end = .)
                0x24005d78                        . = (. + _Min_Heap_Size)
 *fill*         0x24005b78      0x200 
                0x24006178                        . = (. + _Min_Stack_Size)
 *fill*         0x24005d78      0x400 
                0x24006178                        . = ALIGN (0x8)

/DISCARD/
 libc.a(*)
 libm.a(*)
 libgcc.a(*)

.ARM.attributes
                0x00000000       0x2e
 *(.ARM.attributes)
 .ARM.attributes
                0x00000000       0x20 C:/ST/STM32CubeIDE_2.0.0/STM32CubeIDE/plugins/com.st.stm32cube.ide.mcu.externaltools.gnu-tools-for-stm32.13.3.rel1.win32_1.0.100.202509120712/tools/bin/../lib/gcc/arm-none-eabi/13.3.1/thumb/v7e-m+dp/hard/crti.o
 .ARM.attributes
                0x00000020       0x32 C:/ST/STM32CubeIDE_2.0.0/STM32CubeIDE/plugins/com.st.stm32cube.ide.mcu.externaltools.gnu-tools-for-stm32.13.3.rel1.win32_1.0.100.202509120712/tools/bin/../lib/gcc/arm-none-eabi/13.3.1/thumb/v7e-m+dp/hard/crtbegin.o
 .ARM.attributes
                0x00000052       0x32 ./Common/Src/system_stm32h7xx_dualcore_boot_cm4_cm7.o
 .ARM.attributes
                0x00000084       0x32 ./Core/Src/flap.o
 .ARM.attributes
                0x000000b6       0x32 ./Core/Src/main.o
 .ARM.attributes
                0x000000e8       0x32 ./Core/Src/pwm_servo.o
 .ARM.attributes
                0x0000011a       0x32 ./Core/Src/stm32h7xx_hal_msp.o
 .ARM.attributes
                0x0000014c       0x32 ./Core/Src/stm32h7xx_it.o
 .ARM.attributes
                0x0000017e       0x21 ./Core/Startup/startup_stm32h755zitx.o
 .ARM.attributes
                0x0000019f       0x32 ./Drivers/STM32H7xx_HAL_Driver/stm32h7xx_hal.o
 .ARM.attributes
                0x000001d1       0x32 ./Drivers/STM32H7xx_HAL_Driver/stm32h7xx_hal_cortex.o
 .ARM.attributes
                0x00000203       0x32 ./Drivers/STM32H7xx_HAL_Driver/stm32h7xx_hal_gpio.o
 .ARM.attributes
                0x00000235       0x32 ./Drivers/STM32H7xx_HAL_Driver/stm32h7xx_hal_hsem.o
 .ARM.attributes
                0x00000267       0x32 ./Drivers/STM32H7xx_HAL_Driver/stm32h7xx_hal_pwr_ex.o
 .ARM.attributes
                0x00000299       0x32 ./Drivers/STM32H7xx_HAL_Driver/stm32h7xx_hal_rcc.o
 .ARM.attributes
                0x000002cb       0x32 ./Drivers/STM32H7xx_HAL_Driver/stm32h7xx_hal_rcc_ex.o
 .ARM.attributes
                0x000002fd       0x32 ./Drivers/STM32H7xx_HAL_Driver/stm32h7xx_hal_tim.o
 .ARM.attributes
                0x0000032f       0x32 ./Drivers/STM32H7xx_HAL_Driver/stm32h7xx_hal_tim_ex.o
 .ARM.attributes
                0x00000361       0x32 ./Drivers/STM32H7xx_HAL_Driver/stm32h7xx_hal_uart.o
 .ARM.attributes
                0x00000393       0x32 ./Drivers/STM32H7xx_HAL_Driver/stm32h7xx_hal_uart_ex.o
 .ARM.attributes
                0x000003c5       0x32 ./Middlewares/Third_Party/FreeRTOS/cmsis_os2.o
 .ARM.attributes
                0x000003f7       0x32 ./Middlewares/Third_Party/FreeRTOS/heap_4.o
 .ARM.attributes
                0x00000429       0x32 ./Middlewares/Third_Party/FreeRTOS/list.o
 .ARM.attributes
                0x0000045b       0x32 ./Middlewares/Third_Party/FreeRTOS/port.o
 .ARM.attributes
                0x0000048d       0x32 ./Middlewares/Third_Party/FreeRTOS/queue.o
 .ARM.attributes
                0x000004bf       0x32 ./Middlewares/Third_Party/FreeRTOS/tasks.o
 .ARM.attributes
                0x000004f1       0x32 ./Middlewares/Third_Party/FreeRTOS/timers.o
 .ARM.attributes
                0x00000523       0x32 C:/ST/STM32CubeIDE_2.0.0/STM32CubeIDE/plugins/com.st.stm32cube.ide.mcu.externaltools.gnu-tools-for-stm32.13.3.rel1.win32_1.0.100.202509120712/tools/bin/../lib/gcc/arm-none-eabi/13.3.1/../../../../arm-none-eabi/lib/thumb/v7e-m+dp/hard\libc_nano.a(libc_a-memset.o)
 .ARM.attributes
                0x00000555       0x32 C:/ST/STM32CubeIDE_2.0.0/STM32CubeIDE/plugins/com.st.stm32cube.ide.mcu.externaltools.gnu-tools-for-stm32.13.3.rel1.win32_1.0.100.202509120712/tools/bin/../lib/gcc/arm-none-eabi/13.3.1/../../../../arm-none-eabi/lib/thumb/v7e-m+dp/hard\libc_nano.a(libc_a-init.o)
 .ARM.attributes
                0x00000587       0x32 C:/ST/STM32CubeIDE_2.0.0/STM32CubeIDE/plugins/com.st.stm32cube.ide.mcu.externaltools.gnu-tools-for-stm32.13.3.rel1.win32_1.0.100.202509120712/tools/bin/../lib/gcc/arm-none-eabi/13.3.1/../../../../arm-none-eabi/lib/thumb/v7e-m+dp/hard\libc_nano.a(libc_a-memcpy-stub.o)
 .ARM.attributes
                0x000005b9       0x20 C:/ST/STM32CubeIDE_2.0.0/STM32CubeIDE/plugins/com.st.stm32cube.ide.mcu.externaltools.gnu-tools-for-stm32.13.3.rel1.win32_1.0.100.202509120712/tools/bin/../lib/gcc/arm-none-eabi/13.3.1/thumb/v7e-m+dp/hard\libgcc.a(_aeabi_uldivmod.o)
 .ARM.attributes
                0x000005d9       0x32 C:/ST/STM32CubeIDE_2.0.0/STM32CubeIDE/plugins/com.st.stm32cube.ide.mcu.externaltools.gnu-tools-for-stm32.13.3.rel1.win32_1.0.100.202509120712/tools/bin/../lib/gcc/arm-none-eabi/13.3.1/thumb/v7e-m+dp/hard\libgcc.a(_udivmoddi4.o)
 .ARM.attributes
                0x0000060b       0x20 C:/ST/STM32CubeIDE_2.0.0/STM32CubeIDE/plugins/com.st.stm32cube.ide.mcu.externaltools.gnu-tools-for-stm32.13.3.rel1.win32_1.0.100.202509120712/tools/bin/../lib/gcc/arm-none-eabi/13.3.1/thumb/v7e-m+dp/hard\libgcc.a(_dvmd_tls.o)
 .ARM.attributes
                0x0000062b       0x20 C:/ST/STM32CubeIDE_2.0.0/STM32CubeIDE/plugins/com.st.stm32cube.ide.mcu.externaltools.gnu-tools-for-stm32.13.3.rel1.win32_1.0.100.202509120712/tools/bin/../lib/gcc/arm-none-eabi/13.3.1/thumb/v7e-m+dp/hard/crtn.o
OUTPUT(do178_training_CM7.elf elf32-littlearm)
LOAD linker stubs
LOAD C:/ST/STM32CubeIDE_2.0.0/STM32CubeIDE/plugins/com.st.stm32cube.ide.mcu.externaltools.gnu-tools-for-stm32.13.3.rel1.win32_1.0.100.202509120712/tools/bin/../lib/gcc/arm-none-eabi/13.3.1/../../../../arm-none-eabi/lib/thumb/v7e-m+dp/hard\libc.a
LOAD C:/ST/STM32CubeIDE_2.0.0/STM32CubeIDE/plugins/com.st.stm32cube.ide.mcu.externaltools.gnu-tools-for-stm32.13.3.rel1.win32_1.0.100.202509120712/tools/bin/../lib/gcc/arm-none-eabi/13.3.1/../../../../arm-none-eabi/lib/thumb/v7e-m+dp/hard\libm.a
LOAD C:/ST/STM32CubeIDE_2.0.0/STM32CubeIDE/plugins/com.st.stm32cube.ide.mcu.externaltools.gnu-tools-for-stm32.13.3.rel1.win32_1.0.100.202509120712/tools/bin/../lib/gcc/arm-none-eabi/13.3.1/thumb/v7e-m+dp/hard\libgcc.a

.debug_info     0x00000000    0x1f9cb
 .debug_info    0x00000000      0xe73 ./Common/Src/system_stm32h7xx_dualcore_boot_cm4_cm7.o
 .debug_info    0x00000e73      0x1ef ./Core/Src/flap.o
 .debug_info    0x00001062     0x1f18 ./Core/Src/main.o
 .debug_info    0x00002f7a      0x96e ./Core/Src/pwm_servo.o
 .debug_info    0x000038e8     0x187f ./Core/Src/stm32h7xx_hal_msp.o
 .debug_info    0x00005167      0x129 ./Core/Src/stm32h7xx_it.o
 .debug_info    0x00005290       0x30 ./Core/Startup/startup_stm32h755zitx.o
 .debug_info    0x000052c0     0x177a ./Drivers/STM32H7xx_HAL_Driver/stm32h7xx_hal.o
 .debug_info    0x00006a3a     0x10d5 ./Drivers/STM32H7xx_HAL_Driver/stm32h7xx_hal_cortex.o
 .debug_info    0x00007b0f      0xd06 ./Drivers/STM32H7xx_HAL_Driver/stm32h7xx_hal_gpio.o
 .debug_info    0x00008815      0x3d3 ./Drivers/STM32H7xx_HAL_Driver/stm32h7xx_hal_hsem.o
 .debug_info    0x00008be8     0x1225 ./Drivers/STM32H7xx_HAL_Driver/stm32h7xx_hal_pwr_ex.o
 .debug_info    0x00009e0d      0xe67 ./Drivers/STM32H7xx_HAL_Driver/stm32h7xx_hal_rcc.o
 .debug_info    0x0000ac74     0x1303 ./Drivers/STM32H7xx_HAL_Driver/stm32h7xx_hal_rcc_ex.o
 .debug_info    0x0000bf77     0x2bae ./Drivers/STM32H7xx_HAL_Driver/stm32h7xx_hal_tim.o
 .debug_info    0x0000eb25     0x17eb ./Drivers/STM32H7xx_HAL_Driver/stm32h7xx_hal_tim_ex.o
 .debug_info    0x00010310     0x4b1d ./Drivers/STM32H7xx_HAL_Driver/stm32h7xx_hal_uart.o
 .debug_info    0x00014e2d      0xfbf ./Drivers/STM32H7xx_HAL_Driver/stm32h7xx_hal_uart_ex.o
 .debug_info    0x00015dec     0x3d90 ./Middlewares/Third_Party/FreeRTOS/cmsis_os2.o
 .debug_info    0x00019b7c      0x4d5 ./Middlewares/Third_Party/FreeRTOS/heap_4.o
 .debug_info    0x0001a051      0x2af ./Middlewares/Third_Party/FreeRTOS/list.o
 .debug_info    0x0001a300      0x4de ./Middlewares/Third_Party/FreeRTOS/port.o
 .debug_info    0x0001a7de     0x1b79 ./Middlewares/Third_Party/FreeRTOS/queue.o
 .debug_info    0x0001c357     0x21ec ./Middlewares/Third_Party/FreeRTOS/tasks.o
 .debug_info    0x0001e543     0x1488 ./Middlewares/Third_Party/FreeRTOS/timers.o

.debug_abbrev   0x00000000     0x3c2a
 .debug_abbrev  0x00000000      0x165 ./Common/Src/system_stm32h7xx_dualcore_boot_cm4_cm7.o
 .debug_abbrev  0x00000165       0xe9 ./Core/Src/flap.o
 .debug_abbrev  0x0000024e      0x34a ./Core/Src/main.o
 .debug_abbrev  0x00000598      0x1cb ./Core/Src/pwm_servo.o
 .debug_abbrev  0x00000763      0x23f ./Core/Src/stm32h7xx_hal_msp.o
 .debug_abbrev  0x000009a2       0xaa ./Core/Src/stm32h7xx_it.o
 .debug_abbrev  0x00000a4c       0x24 ./Core/Startup/startup_stm32h755zitx.o
 .debug_abbrev  0x00000a70      0x295 ./Drivers/STM32H7xx_HAL_Driver/stm32h7xx_hal.o
 .debug_abbrev  0x00000d05      0x339 ./Drivers/STM32H7xx_HAL_Driver/stm32h7xx_hal_cortex.o
 .debug_abbrev  0x0000103e      0x205 ./Drivers/STM32H7xx_HAL_Driver/stm32h7xx_hal_gpio.o
 .debug_abbrev  0x00001243      0x1d3 ./Drivers/STM32H7xx_HAL_Driver/stm32h7xx_hal_hsem.o
 .debug_abbrev  0x00001416      0x2d7 ./Drivers/STM32H7xx_HAL_Driver/stm32h7xx_hal_pwr_ex.o
 .debug_abbrev  0x000016ed      0x2c8 ./Drivers/STM32H7xx_HAL_Driver/stm32h7xx_hal_rcc.o
 .debug_abbrev  0x000019b5      0x269 ./Drivers/STM32H7xx_HAL_Driver/stm32h7xx_hal_rcc_ex.o
 .debug_abbrev  0x00001c1e      0x276 ./Drivers/STM32H7xx_HAL_Driver/stm32h7xx_hal_tim.o
 .debug_abbrev  0x00001e94      0x281 ./Drivers/STM32H7xx_HAL_Driver/stm32h7xx_hal_tim_ex.o
 .debug_abbrev  0x00002115      0x33d ./Drivers/STM32H7xx_HAL_Driver/stm32h7xx_hal_uart.o
 .debug_abbrev  0x00002452      0x2d2 ./Drivers/STM32H7xx_HAL_Driver/stm32h7xx_hal_uart_ex.o
 .debug_abbrev  0x00002724      0x50a ./Middlewares/Third_Party/FreeRTOS/cmsis_os2.o
 .debug_abbrev  0x00002c2e      0x21d ./Middlewares/Third_Party/FreeRTOS/heap_4.o
 .debug_abbrev  0x00002e4b       0xf5 ./Middlewares/Third_Party/FreeRTOS/list.o
 .debug_abbrev  0x00002f40      0x25c ./Middlewares/Third_Party/FreeRTOS/port.o
 .debug_abbrev  0x0000319c      0x3b6 ./Middlewares/Third_Party/FreeRTOS/queue.o
 .debug_abbrev  0x00003552      0x386 ./Middlewares/Third_Party/FreeRTOS/tasks.o
 .debug_abbrev  0x000038d8      0x352 ./Middlewares/Third_Party/FreeRTOS/timers.o

.debug_aranges  0x00000000     0x1900
 .debug_aranges
                0x00000000       0x30 ./Common/Src/system_stm32h7xx_dualcore_boot_cm4_cm7.o
 .debug_aranges
                0x00000030       0x28 ./Core/Src/flap.o
 .debug_aranges
                0x00000058       0x58 ./Core/Src/main.o
 .debug_aranges
                0x000000b0       0x38 ./Core/Src/pwm_servo.o
 .debug_aranges
                0x000000e8       0x48 ./Core/Src/stm32h7xx_hal_msp.o
 .debug_aranges
                0x00000130       0x50 ./Core/Src/stm32h7xx_it.o
 .debug_aranges
                0x00000180       0x28 ./Core/Startup/startup_stm32h755zitx.o
 .debug_aranges
                0x000001a8      0x200 ./Drivers/STM32H7xx_HAL_Driver/stm32h7xx_hal.o
 .debug_aranges
                0x000003a8      0x130 ./Drivers/STM32H7xx_HAL_Driver/stm32h7xx_hal_cortex.o
 .debug_aranges
                0x000004d8       0x58 ./Drivers/STM32H7xx_HAL_Driver/stm32h7xx_hal_gpio.o
 .debug_aranges
                0x00000530       0x70 ./Drivers/STM32H7xx_HAL_Driver/stm32h7xx_hal_hsem.o
 .debug_aranges
                0x000005a0      0x170 ./Drivers/STM32H7xx_HAL_Driver/stm32h7xx_hal_pwr_ex.o
 .debug_aranges
                0x00000710       0x88 ./Drivers/STM32H7xx_HAL_Driver/stm32h7xx_hal_rcc.o
 .debug_aranges
                0x00000798      0x100 ./Drivers/STM32H7xx_HAL_Driver/stm32h7xx_hal_rcc_ex.o
 .debug_aranges
                0x00000898      0x3e0 ./Drivers/STM32H7xx_HAL_Driver/stm32h7xx_hal_tim.o
 .debug_aranges
                0x00000c78      0x188 ./Drivers/STM32H7xx_HAL_Driver/stm32h7xx_hal_tim_ex.o
 .debug_aranges
                0x00000e00      0x248 ./Drivers/STM32H7xx_HAL_Driver/stm32h7xx_hal_uart.o
 .debug_aranges
                0x00001048       0xa8 ./Drivers/STM32H7xx_HAL_Driver/stm32h7xx_hal_uart_ex.o
 .debug_aranges
                0x000010f0      0x2a8 ./Middlewares/Third_Party/FreeRTOS/cmsis_os2.o
 .debug_aranges
                0x00001398       0x58 ./Middlewares/Third_Party/FreeRTOS/heap_4.o
 .debug_aranges
                0x000013f0       0x40 ./Middlewares/Third_Party/FreeRTOS/list.o
 .debug_aranges
                0x00001430       0x80 ./Middlewares/Third_Party/FreeRTOS/port.o
 .debug_aranges
                0x000014b0      0x158 ./Middlewares/Third_Party/FreeRTOS/queue.o
 .debug_aranges
                0x00001608      0x208 ./Middlewares/Third_Party/FreeRTOS/tasks.o
 .debug_aranges
                0x00001810       0xf0 ./Middlewares/Third_Party/FreeRTOS/timers.o

.debug_rnglists
                0x00000000     0x1372
 .debug_rnglists
                0x00000000       0x21 ./Common/Src/system_stm32h7xx_dualcore_boot_cm4_cm7.o
 .debug_rnglists
                0x00000021       0x1a ./Core/Src/flap.o
 .debug_rnglists
                0x0000003b       0x43 ./Core/Src/main.o
 .debug_rnglists
                0x0000007e       0x28 ./Core/Src/pwm_servo.o
 .debug_rnglists
                0x000000a6       0x32 ./Core/Src/stm32h7xx_hal_msp.o
 .debug_rnglists
                0x000000d8       0x37 ./Core/Src/stm32h7xx_it.o
 .debug_rnglists
                0x0000010f       0x19 ./Core/Startup/startup_stm32h755zitx.o
 .debug_rnglists
                0x00000128      0x180 ./Drivers/STM32H7xx_HAL_Driver/stm32h7xx_hal.o
 .debug_rnglists
                0x000002a8       0xe0 ./Drivers/STM32H7xx_HAL_Driver/stm32h7xx_hal_cortex.o
 .debug_rnglists
                0x00000388       0x3f ./Drivers/STM32H7xx_HAL_Driver/stm32h7xx_hal_gpio.o
 .debug_rnglists
                0x000003c7       0x4f ./Drivers/STM32H7xx_HAL_Driver/stm32h7xx_hal_hsem.o
 .debug_rnglists
                0x00000416      0x117 ./Drivers/STM32H7xx_HAL_Driver/stm32h7xx_hal_pwr_ex.o
 .debug_rnglists
                0x0000052d       0x68 ./Drivers/STM32H7xx_HAL_Driver/stm32h7xx_hal_rcc.o
 .debug_rnglists
                0x00000595       0xc6 ./Drivers/STM32H7xx_HAL_Driver/stm32h7xx_hal_rcc_ex.o
 .debug_rnglists
                0x0000065b      0x328 ./Drivers/STM32H7xx_HAL_Driver/stm32h7xx_hal_tim.o
 .debug_rnglists
                0x00000983      0x13f ./Drivers/STM32H7xx_HAL_Driver/stm32h7xx_hal_tim_ex.o
 .debug_rnglists
                0x00000ac2      0x1fa ./Drivers/STM32H7xx_HAL_Driver/stm32h7xx_hal_uart.o
 .debug_rnglists
                0x00000cbc       0x7f ./Drivers/STM32H7xx_HAL_Driver/stm32h7xx_hal_uart_ex.o
 .debug_rnglists
                0x00000d3b      0x20c ./Middlewares/Third_Party/FreeRTOS/cmsis_os2.o
 .debug_rnglists
                0x00000f47       0x42 ./Middlewares/Third_Party/FreeRTOS/heap_4.o
 .debug_rnglists
                0x00000f89       0x2b ./Middlewares/Third_Party/FreeRTOS/list.o
 .debug_rnglists
                0x00000fb4       0x5d ./Middlewares/Third_Party/FreeRTOS/port.o
 .debug_rnglists
                0x00001011      0x109 ./Middlewares/Third_Party/FreeRTOS/queue.o
 .debug_rnglists
                0x0000111a      0x1a0 ./Middlewares/Third_Party/FreeRTOS/tasks.o
 .debug_rnglists
                0x000012ba       0xb8 ./Middlewares/Third_Party/FreeRTOS/timers.o

.debug_macro    0x00000000    0x3c0ab
 .debug_macro   0x00000000      0x2a8 ./Common/Src/system_stm32h7xx_dualcore_boot_cm4_cm7.o
 .debug_macro   0x000002a8      0xafc ./Common/Src/system_stm32h7xx_dualcore_boot_cm4_cm7.o
 .debug_macro   0x00000da4       0x2e ./Common/Src/system_stm32h7xx_dualcore_boot_cm4_cm7.o
 .debug_macro   0x00000dd2       0x49 ./Common/Src/system_stm32h7xx_dualcore_boot_cm4_cm7.o
 .debug_macro   0x00000e1b       0x22 ./Common/Src/system_stm32h7xx_dualcore_boot_cm4_cm7.o
 .debug_macro   0x00000e3d       0x8e ./Common/Src/system_stm32h7xx_dualcore_boot_cm4_cm7.o
 .debug_macro   0x00000ecb       0x51 ./Common/Src/system_stm32h7xx_dualcore_boot_cm4_cm7.o
 .debug_macro   0x00000f1c      0x103 ./Common/Src/system_stm32h7xx_dualcore_boot_cm4_cm7.o
 .debug_macro   0x0000101f       0x6a ./Common/Src/system_stm32h7xx_dualcore_boot_cm4_cm7.o
 .debug_macro   0x00001089      0x1df ./Common/Src/system_stm32h7xx_dualcore_boot_cm4_cm7.o
 .debug_macro   0x00001268       0x1c ./Common/Src/system_stm32h7xx_dualcore_boot_cm4_cm7.o
 .debug_macro   0x00001284       0x22 ./Common/Src/system_stm32h7xx_dualcore_boot_cm4_cm7.o
 .debug_macro   0x000012a6       0xfb ./Common/Src/system_stm32h7xx_dualcore_boot_cm4_cm7.o
 .debug_macro   0x000013a1     0x1305 ./Common/Src/system_stm32h7xx_dualcore_boot_cm4_cm7.o
 .debug_macro   0x000026a6      0x11f ./Common/Src/system_stm32h7xx_dualcore_boot_cm4_cm7.o
 .debug_macro   0x000027c5       0x27 ./Common/Src/system_stm32h7xx_dualcore_boot_cm4_cm7.o
 .debug_macro   0x000027ec    0x2769e ./Common/Src/system_stm32h7xx_dualcore_boot_cm4_cm7.o
 .debug_macro   0x00029e8a       0x6d ./Common/Src/system_stm32h7xx_dualcore_boot_cm4_cm7.o
 .debug_macro   0x00029ef7      0x238 ./Common/Src/system_stm32h7xx_dualcore_boot_cm4_cm7.o
 .debug_macro   0x0002a12f     0x3d79 ./Common/Src/system_stm32h7xx_dualcore_boot_cm4_cm7.o
 .debug_macro   0x0002dea8      0x190 ./Common/Src/system_stm32h7xx_dualcore_boot_cm4_cm7.o
 .debug_macro   0x0002e038       0x61 ./Common/Src/system_stm32h7xx_dualcore_boot_cm4_cm7.o
 .debug_macro   0x0002e099       0x29 ./Common/Src/system_stm32h7xx_dualcore_boot_cm4_cm7.o
 .debug_macro   0x0002e0c2       0x43 ./Common/Src/system_stm32h7xx_dualcore_boot_cm4_cm7.o
 .debug_macro   0x0002e105       0x34 ./Common/Src/system_stm32h7xx_dualcore_boot_cm4_cm7.o
 .debug_macro   0x0002e139      0x370 ./Common/Src/system_stm32h7xx_dualcore_boot_cm4_cm7.o
 .debug_macro   0x0002e4a9       0x16 ./Common/Src/system_stm32h7xx_dualcore_boot_cm4_cm7.o
 .debug_macro   0x0002e4bf       0x4a ./Common/Src/system_stm32h7xx_dualcore_boot_cm4_cm7.o
 .debug_macro   0x0002e509       0x34 ./Common/Src/system_stm32h7xx_dualcore_boot_cm4_cm7.o
 .debug_macro   0x0002e53d       0x10 ./Common/Src/system_stm32h7xx_dualcore_boot_cm4_cm7.o
 .debug_macro   0x0002e54d       0x58 ./Common/Src/system_stm32h7xx_dualcore_boot_cm4_cm7.o
 .debug_macro   0x0002e5a5       0x8e ./Common/Src/system_stm32h7xx_dualcore_boot_cm4_cm7.o
 .debug_macro   0x0002e633       0x1c ./Common/Src/system_stm32h7xx_dualcore_boot_cm4_cm7.o
 .debug_macro   0x0002e64f      0x185 ./Common/Src/system_stm32h7xx_dualcore_boot_cm4_cm7.o
 .debug_macro   0x0002e7d4      0x19b ./Common/Src/system_stm32h7xx_dualcore_boot_cm4_cm7.o
 .debug_macro   0x0002e96f       0x5d ./Common/Src/system_stm32h7xx_dualcore_boot_cm4_cm7.o
 .debug_macro   0x0002e9cc     0x3b99 ./Common/Src/system_stm32h7xx_dualcore_boot_cm4_cm7.o
 .debug_macro   0x00032565     0x1072 ./Common/Src/system_stm32h7xx_dualcore_boot_cm4_cm7.o
 .debug_macro   0x000335d7      0x154 ./Common/Src/system_stm32h7xx_dualcore_boot_cm4_cm7.o
 .debug_macro   0x0003372b      0x130 ./Common/Src/system_stm32h7xx_dualcore_boot_cm4_cm7.o
 .debug_macro   0x0003385b      0x3c2 ./Common/Src/system_stm32h7xx_dualcore_boot_cm4_cm7.o
 .debug_macro   0x00033c1d       0xac ./Common/Src/system_stm32h7xx_dualcore_boot_cm4_cm7.o
 .debug_macro   0x00033cc9      0x72d ./Common/Src/system_stm32h7xx_dualcore_boot_cm4_cm7.o
 .debug_macro   0x000343f6      0x228 ./Common/Src/system_stm32h7xx_dualcore_boot_cm4_cm7.o
 .debug_macro   0x0003461e       0x66 ./Common/Src/system_stm32h7xx_dualcore_boot_cm4_cm7.o
 .debug_macro   0x00034684      0x3bb ./Common/Src/system_stm32h7xx_dualcore_boot_cm4_cm7.o
 .debug_macro   0x00034a3f      0x407 ./Common/Src/system_stm32h7xx_dualcore_boot_cm4_cm7.o
 .debug_macro   0x00034e46      0x27c ./Common/Src/system_stm32h7xx_dualcore_boot_cm4_cm7.o
 .debug_macro   0x000350c2      0x3ca ./Common/Src/system_stm32h7xx_dualcore_boot_cm4_cm7.o
 .debug_macro   0x0003548c      0x4a2 ./Common/Src/system_stm32h7xx_dualcore_boot_cm4_cm7.o
 .debug_macro   0x0003592e       0x51 ./Common/Src/system_stm32h7xx_dualcore_boot_cm4_cm7.o
 .debug_macro   0x0003597f       0x4a ./Common/Src/system_stm32h7xx_dualcore_boot_cm4_cm7.o
 .debug_macro   0x000359c9      0x22c ./Common/Src/system_stm32h7xx_dualcore_boot_cm4_cm7.o
 .debug_macro   0x00035bf5       0x67 ./Common/Src/system_stm32h7xx_dualcore_boot_cm4_cm7.o
 .debug_macro   0x00035c5c       0xa5 ./Common/Src/system_stm32h7xx_dualcore_boot_cm4_cm7.o
 .debug_macro   0x00035d01      0x218 ./Common/Src/system_stm32h7xx_dualcore_boot_cm4_cm7.o
 .debug_macro   0x00035f19      0x2ea ./Common/Src/system_stm32h7xx_dualcore_boot_cm4_cm7.o
 .debug_macro   0x00036203       0x35 ./Common/Src/system_stm32h7xx_dualcore_boot_cm4_cm7.o
 .debug_macro   0x00036238      0xafa ./Common/Src/system_stm32h7xx_dualcore_boot_cm4_cm7.o
 .debug_macro   0x00036d32      0x29f ./Common/Src/system_stm32h7xx_dualcore_boot_cm4_cm7.o
 .debug_macro   0x00036fd1      0x693 ./Common/Src/system_stm32h7xx_dualcore_boot_cm4_cm7.o
 .debug_macro   0x00037664       0xa6 ./Common/Src/system_stm32h7xx_dualcore_boot_cm4_cm7.o
 .debug_macro   0x0003770a      0x7a4 ./Common/Src/system_stm32h7xx_dualcore_boot_cm4_cm7.o
 .debug_macro   0x00037eae       0x93 ./Core/Src/flap.o
 .debug_macro   0x00037f41       0x10 ./Core/Src/flap.o
 .debug_macro   0x00037f51       0x22 ./Core/Src/flap.o
 .debug_macro   0x00037f73      0x378 ./Core/Src/main.o
 .debug_macro   0x000382eb      0x169 ./Core/Src/main.o
 .debug_macro   0x00038454       0x66 ./Core/Src/main.o
 .debug_macro   0x000384ba       0x74 ./Core/Src/main.o
 .debug_macro   0x0003852e       0xdd ./Core/Src/main.o
 .debug_macro   0x0003860b       0x34 ./Core/Src/main.o
 .debug_macro   0x0003863f      0x2bb ./Core/Src/pwm_servo.o
 .debug_macro   0x000388fa      0x2b7 ./Core/Src/stm32h7xx_hal_msp.o
 .debug_macro   0x00038bb1      0x329 ./Core/Src/stm32h7xx_it.o
 .debug_macro   0x00038eda      0x2d2 ./Drivers/STM32H7xx_HAL_Driver/stm32h7xx_hal.o
 .debug_macro   0x000391ac      0x2a8 ./Drivers/STM32H7xx_HAL_Driver/stm32h7xx_hal_cortex.o
 .debug_macro   0x00039454      0x2bc ./Drivers/STM32H7xx_HAL_Driver/stm32h7xx_hal_gpio.o
 .debug_macro   0x00039710      0x2ba ./Drivers/STM32H7xx_HAL_Driver/stm32h7xx_hal_hsem.o
 .debug_macro   0x000399ca      0x2e1 ./Drivers/STM32H7xx_HAL_Driver/stm32h7xx_hal_pwr_ex.o
 .debug_macro   0x00039cab      0x2cc ./Drivers/STM32H7xx_HAL_Driver/stm32h7xx_hal_rcc.o
 .debug_macro   0x00039f77      0x2c6 ./Drivers/STM32H7xx_HAL_Driver/stm32h7xx_hal_rcc_ex.o
 .debug_macro   0x0003a23d      0x2a9 ./Drivers/STM32H7xx_HAL_Driver/stm32h7xx_hal_tim.o
 .debug_macro   0x0003a4e6      0x2a8 ./Drivers/STM32H7xx_HAL_Driver/stm32h7xx_hal_tim_ex.o
 .debug_macro   0x0003a78e      0x2d3 ./Drivers/STM32H7xx_HAL_Driver/stm32h7xx_hal_uart.o
 .debug_macro   0x0003aa61      0x2b4 ./Drivers/STM32H7xx_HAL_Driver/stm32h7xx_hal_uart_ex.o
 .debug_macro   0x0003ad15      0x407 ./Middlewares/Third_Party/FreeRTOS/cmsis_os2.o
 .debug_macro   0x0003b11c       0x10 ./Middlewares/Third_Party/FreeRTOS/cmsis_os2.o
 .debug_macro   0x0003b12c       0x20 ./Middlewares/Third_Party/FreeRTOS/cmsis_os2.o
 .debug_macro   0x0003b14c       0x10 ./Middlewares/Third_Party/FreeRTOS/cmsis_os2.o
 .debug_macro   0x0003b15c       0xf5 ./Middlewares/Third_Party/FreeRTOS/cmsis_os2.o
 .debug_macro   0x0003b251       0x91 ./Middlewares/Third_Party/FreeRTOS/cmsis_os2.o
 .debug_macro   0x0003b2e2       0x8d ./Middlewares/Third_Party/FreeRTOS/cmsis_os2.o
 .debug_macro   0x0003b36f       0x9a ./Middlewares/Third_Party/FreeRTOS/cmsis_os2.o
 .debug_macro   0x0003b409       0x22 ./Middlewares/Third_Party/FreeRTOS/cmsis_os2.o
 .debug_macro   0x0003b42b      0x1ae ./Middlewares/Third_Party/FreeRTOS/heap_4.o
 .debug_macro   0x0003b5d9      0x187 ./Middlewares/Third_Party/FreeRTOS/list.o
 .debug_macro   0x0003b760      0x196 ./Middlewares/Third_Party/FreeRTOS/port.o
 .debug_macro   0x0003b8f6      0x216 ./Middlewares/Third_Party/FreeRTOS/queue.o
 .debug_macro   0x0003bb0c       0x16 ./Middlewares/Third_Party/FreeRTOS/queue.o
 .debug_macro   0x0003bb22       0x87 ./Middlewares/Third_Party/FreeRTOS/queue.o
 .debug_macro   0x0003bba9      0x27f ./Middlewares/Third_Party/FreeRTOS/tasks.o
 .debug_macro   0x0003be28       0x10 ./Middlewares/Third_Party/FreeRTOS/tasks.o
 .debug_macro   0x0003be38      0x1dc ./Middlewares/Third_Party/FreeRTOS/timers.o
 .debug_macro   0x0003c014       0x97 ./Middlewares/Third_Party/FreeRTOS/timers.o

.debug_line     0x00000000    0x1e234
 .debug_line    0x00000000      0xb42 ./Common/Src/system_stm32h7xx_dualcore_boot_cm4_cm7.o
 .debug_line    0x00000b42      0x519 ./Core/Src/flap.o
 .debug_line    0x0000105b      0xd18 ./Core/Src/main.o
 .debug_line    0x00001d73      0xa92 ./Core/Src/pwm_servo.o
 .debug_line    0x00002805      0x9b8 ./Core/Src/stm32h7xx_hal_msp.o
 .debug_line    0x000031bd      0xa8a ./Core/Src/stm32h7xx_it.o
 .debug_line    0x00003c47       0x7b ./Core/Startup/startup_stm32h755zitx.o
 .debug_line    0x00003cc2     0x1056 ./Drivers/STM32H7xx_HAL_Driver/stm32h7xx_hal.o
 .debug_line    0x00004d18      0xeed ./Drivers/STM32H7xx_HAL_Driver/stm32h7xx_hal_cortex.o
 .debug_line    0x00005c05      0xd80 ./Drivers/STM32H7xx_HAL_Driver/stm32h7xx_hal_gpio.o
 .debug_line    0x00006985      0xa95 ./Drivers/STM32H7xx_HAL_Driver/stm32h7xx_hal_hsem.o
 .debug_line    0x0000741a     0x11c0 ./Drivers/STM32H7xx_HAL_Driver/stm32h7xx_hal_pwr_ex.o
 .debug_line    0x000085da     0x159e ./Drivers/STM32H7xx_HAL_Driver/stm32h7xx_hal_rcc.o
 .debug_line    0x00009b78     0x1ec2 ./Drivers/STM32H7xx_HAL_Driver/stm32h7xx_hal_rcc_ex.o
 .debug_line    0x0000ba3a     0x404b ./Drivers/STM32H7xx_HAL_Driver/stm32h7xx_hal_tim.o
 .debug_line    0x0000fa85     0x1dbd ./Drivers/STM32H7xx_HAL_Driver/stm32h7xx_hal_tim_ex.o
 .debug_line    0x00011842     0x397e ./Drivers/STM32H7xx_HAL_Driver/stm32h7xx_hal_uart.o
 .debug_line    0x000151c0      0xe8d ./Drivers/STM32H7xx_HAL_Driver/stm32h7xx_hal_uart_ex.o
 .debug_line    0x0001604d     0x25a4 ./Middlewares/Third_Party/FreeRTOS/cmsis_os2.o
 .debug_line    0x000185f1      0x9e2 ./Middlewares/Third_Party/FreeRTOS/heap_4.o
 .debug_line    0x00018fd3      0x7cb ./Middlewares/Third_Party/FreeRTOS/list.o
 .debug_line    0x0001979e      0x890 ./Middlewares/Third_Party/FreeRTOS/port.o
 .debug_line    0x0001a02e     0x173c ./Middlewares/Third_Party/FreeRTOS/queue.o
 .debug_line    0x0001b76a     0x1cbf ./Middlewares/Third_Party/FreeRTOS/tasks.o
 .debug_line    0x0001d429      0xe0b ./Middlewares/Third_Party/FreeRTOS/timers.o

.debug_str      0x00000000   0x191d52
 .debug_str     0x00000000   0x191d52 ./Common/Src/system_stm32h7xx_dualcore_boot_cm4_cm7.o
                             0x181677 (size before relaxing)
 .debug_str     0x00191d52        0x0 ./Core/Src/flap.o
                               0x3fe3 (size before relaxing)
 .debug_str     0x00191d52        0x0 ./Core/Src/main.o
                             0x1872d9 (size before relaxing)
 .debug_str     0x00191d52        0x0 ./Core/Src/pwm_servo.o
                             0x181800 (size before relaxing)
 .debug_str     0x00191d52        0x0 ./Core/Src/stm32h7xx_hal_msp.o
                             0x182873 (size before relaxing)
 .debug_str     0x00191d52        0x0 ./Core/Src/stm32h7xx_it.o
                             0x184ea4 (size before relaxing)
 .debug_str     0x00191d52        0x0 ./Core/Startup/startup_stm32h755zitx.o
                                 0x85 (size before relaxing)
 .debug_str     0x00191d52        0x0 ./Drivers/STM32H7xx_HAL_Driver/stm32h7xx_hal.o
                             0x1826e4 (size before relaxing)
 .debug_str     0x00191d52        0x0 ./Drivers/STM32H7xx_HAL_Driver/stm32h7xx_hal_cortex.o
                             0x181f4b (size before relaxing)
 .debug_str     0x00191d52        0x0 ./Drivers/STM32H7xx_HAL_Driver/stm32h7xx_hal_gpio.o
                             0x1815d6 (size before relaxing)
 .debug_str     0x00191d52        0x0 ./Drivers/STM32H7xx_HAL_Driver/stm32h7xx_hal_hsem.o
                             0x181261 (size before relaxing)
 .debug_str     0x00191d52        0x0 ./Drivers/STM32H7xx_HAL_Driver/stm32h7xx_hal_pwr_ex.o
                             0x181ae1 (size before relaxing)
 .debug_str     0x00191d52        0x0 ./Drivers/STM32H7xx_HAL_Driver/stm32h7xx_hal_rcc.o
                             0x181957 (size before relaxing)
 .debug_str     0x00191d52        0x0 ./Drivers/STM32H7xx_HAL_Driver/stm32h7xx_hal_rcc_ex.o
                             0x181e8c (size before relaxing)
 .debug_str     0x00191d52        0x0 ./Drivers/STM32H7xx_HAL_Driver/stm32h7xx_hal_tim.o
                             0x1826e3 (size before relaxing)
 .debug_str     0x00191d52        0x0 ./Drivers/STM32H7xx_HAL_Driver/stm32h7xx_hal_tim_ex.o
                             0x18200b (size before relaxing)
 .debug_str     0x00191d52        0x0 ./Drivers/STM32H7xx_HAL_Driver/stm32h7xx_hal_uart.o
                             0x182485 (size before relaxing)
 .debug_str     0x00191d52        0x0 ./Drivers/STM32H7xx_HAL_Driver/stm32h7xx_hal_uart_ex.o
                             0x181a45 (size before relaxing)
 .debug_str     0x00191d52        0x0 ./Middlewares/Third_Party/FreeRTOS/cmsis_os2.o
                             0x189185 (size before relaxing)
 .debug_str     0x00191d52        0x0 ./Middlewares/Third_Party/FreeRTOS/heap_4.o
                               0xb5fe (size before relaxing)
 .debug_str     0x00191d52        0x0 ./Middlewares/Third_Party/FreeRTOS/list.o
                               0xacbc (size before relaxing)
 .debug_str     0x00191d52        0x0 ./Middlewares/Third_Party/FreeRTOS/port.o
                               0x8862 (size before relaxing)
 .debug_str     0x00191d52        0x0 ./Middlewares/Third_Party/FreeRTOS/queue.o
                               0xc7fc (size before relaxing)
 .debug_str     0x00191d52        0x0 ./Middlewares/Third_Party/FreeRTOS/tasks.o
                               0xd2b9 (size before relaxing)
 .debug_str     0x00191d52        0x0 ./Middlewares/Third_Party/FreeRTOS/timers.o
                               0xcd2e (size before relaxing)

.comment        0x00000000       0x43
 .comment       0x00000000       0x43 ./Common/Src/system_stm32h7xx_dualcore_boot_cm4_cm7.o
                                 0x44 (size before relaxing)
 .comment       0x00000043        0x0 ./Core/Src/flap.o
                                 0x44 (size before relaxing)
 .comment       0x00000043        0x0 ./Core/Src/main.o
                                 0x44 (size before relaxing)
 .comment       0x00000043        0x0 ./Core/Src/pwm_servo.o
                                 0x44 (size before relaxing)
 .comment       0x00000043        0x0 ./Core/Src/stm32h7xx_hal_msp.o
                                 0x44 (size before relaxing)
 .comment       0x00000043        0x0 ./Core/Src/stm32h7xx_it.o
                                 0x44 (size before relaxing)
 .comment       0x00000043        0x0 ./Drivers/STM32H7xx_HAL_Driver/stm32h7xx_hal.o
                                 0x44 (size before relaxing)
 .comment       0x00000043        0x0 ./Drivers/STM32H7xx_HAL_Driver/stm32h7xx_hal_cortex.o
                                 0x44 (size before relaxing)
 .comment       0x00000043        0x0 ./Drivers/STM32H7xx_HAL_Driver/stm32h7xx_hal_gpio.o
                                 0x44 (size before relaxing)
 .comment       0x00000043        0x0 ./Drivers/STM32H7xx_HAL_Driver/stm32h7xx_hal_hsem.o
                                 0x44 (size before relaxing)
 .comment       0x00000043        0x0 ./Drivers/STM32H7xx_HAL_Driver/stm32h7xx_hal_pwr_ex.o
                                 0x44 (size before relaxing)
 .comment       0x00000043        0x0 ./Drivers/STM32H7xx_HAL_Driver/stm32h7xx_hal_rcc.o
                                 0x44 (size before relaxing)
 .comment       0x00000043        0x0 ./Drivers/STM32H7xx_HAL_Driver/stm32h7xx_hal_rcc_ex.o
                                 0x44 (size before relaxing)
 .comment       0x00000043        0x0 ./Drivers/STM32H7xx_HAL_Driver/stm32h7xx_hal_tim.o
                                 0x44 (size before relaxing)
 .comment       0x00000043        0x0 ./Drivers/STM32H7xx_HAL_Driver/stm32h7xx_hal_tim_ex.o
                                 0x44 (size before relaxing)
 .comment       0x00000043        0x0 ./Drivers/STM32H7xx_HAL_Driver/stm32h7xx_hal_uart.o
                                 0x44 (size before relaxing)
 .comment       0x00000043        0x0 ./Drivers/STM32H7xx_HAL_Driver/stm32h7xx_hal_uart_ex.o
                                 0x44 (size before relaxing)
 .comment       0x00000043        0x0 ./Middlewares/Third_Party/FreeRTOS/cmsis_os2.o
                                 0x44 (size before relaxing)
 .comment       0x00000043        0x0 ./Middlewares/Third_Party/FreeRTOS/heap_4.o
                                 0x44 (size before relaxing)
 .comment       0x00000043        0x0 ./Middlewares/Third_Party/FreeRTOS/list.o
                                 0x44 (size before relaxing)
 .comment       0x00000043        0x0 ./Middlewares/Third_Party/FreeRTOS/port.o
                                 0x44 (size before relaxing)
 .comment       0x00000043        0x0 ./Middlewares/Third_Party/FreeRTOS/queue.o
                                 0x44 (size before relaxing)
 .comment       0x00000043        0x0 ./Middlewares/Third_Party/FreeRTOS/tasks.o
                                 0x44 (size before relaxing)
 .comment       0x00000043        0x0 ./Middlewares/Third_Party/FreeRTOS/timers.o
                                 0x44 (size before relaxing)

.debug_frame    0x00000000     0x6a28
 .debug_frame   0x00000000       0x78 ./Common/Src/system_stm32h7xx_dualcore_boot_cm4_cm7.o
 .debug_frame   0x00000078       0x58 ./Core/Src/flap.o
 .debug_frame   0x000000d0      0x114 ./Core/Src/main.o
 .debug_frame   0x000001e4       0xa8 ./Core/Src/pwm_servo.o
 .debug_frame   0x0000028c       0xf4 ./Core/Src/stm32h7xx_hal_msp.o
 .debug_frame   0x00000380       0xc4 ./Core/Src/stm32h7xx_it.o
 .debug_frame   0x00000444      0x848 ./Drivers/STM32H7xx_HAL_Driver/stm32h7xx_hal.o
 .debug_frame   0x00000c8c      0x508 ./Drivers/STM32H7xx_HAL_Driver/stm32h7xx_hal_cortex.o
 .debug_frame   0x00001194      0x14c ./Drivers/STM32H7xx_HAL_Driver/stm32h7xx_hal_gpio.o
 .debug_frame   0x000012e0      0x1bc ./Drivers/STM32H7xx_HAL_Driver/stm32h7xx_hal_hsem.o
 .debug_frame   0x0000149c      0x5ec ./Drivers/STM32H7xx_HAL_Driver/stm32h7xx_hal_pwr_ex.o
 .debug_frame   0x00001a88      0x1f8 ./Drivers/STM32H7xx_HAL_Driver/stm32h7xx_hal_rcc.o
 .debug_frame   0x00001c80      0x43c ./Drivers/STM32H7xx_HAL_Driver/stm32h7xx_hal_rcc_ex.o
 .debug_frame   0x000020bc     0x121c ./Drivers/STM32H7xx_HAL_Driver/stm32h7xx_hal_tim.o
 .debug_frame   0x000032d8      0x6d8 ./Drivers/STM32H7xx_HAL_Driver/stm32h7xx_hal_tim_ex.o
 .debug_frame   0x000039b0      0xa94 ./Drivers/STM32H7xx_HAL_Driver/stm32h7xx_hal_uart.o
 .debug_frame   0x00004444      0x2c0 ./Drivers/STM32H7xx_HAL_Driver/stm32h7xx_hal_uart_ex.o
 .debug_frame   0x00004704      0xbc8 ./Middlewares/Third_Party/FreeRTOS/cmsis_os2.o
 .debug_frame   0x000052cc      0x12c ./Middlewares/Third_Party/FreeRTOS/heap_4.o
 .debug_frame   0x000053f8       0xd8 ./Middlewares/Third_Party/FreeRTOS/list.o
 .debug_frame   0x000054d0      0x1a8 ./Middlewares/Third_Party/FreeRTOS/port.o
 .debug_frame   0x00005678      0x5ec ./Middlewares/Third_Party/FreeRTOS/queue.o
 .debug_frame   0x00005c64      0x8f0 ./Middlewares/Third_Party/FreeRTOS/tasks.o
 .debug_frame   0x00006554      0x400 ./Middlewares/Third_Party/FreeRTOS/timers.o
 .debug_frame   0x00006954       0x20 C:/ST/STM32CubeIDE_2.0.0/STM32CubeIDE/plugins/com.st.stm32cube.ide.mcu.externaltools.gnu-tools-for-stm32.13.3.rel1.win32_1.0.100.202509120712/tools/bin/../lib/gcc/arm-none-eabi/13.3.1/../../../../arm-none-eabi/lib/thumb/v7e-m+dp/hard\libc_nano.a(libc_a-memset.o)
 .debug_frame   0x00006974       0x2c C:/ST/STM32CubeIDE_2.0.0/STM32CubeIDE/plugins/com.st.stm32cube.ide.mcu.externaltools.gnu-tools-for-stm32.13.3.rel1.win32_1.0.100.202509120712/tools/bin/../lib/gcc/arm-none-eabi/13.3.1/../../../../arm-none-eabi/lib/thumb/v7e-m+dp/hard\libc_nano.a(libc_a-init.o)
 .debug_frame   0x000069a0       0x28 C:/ST/STM32CubeIDE_2.0.0/STM32CubeIDE/plugins/com.st.stm32cube.ide.mcu.externaltools.gnu-tools-for-stm32.13.3.rel1.win32_1.0.100.202509120712/tools/bin/../lib/gcc/arm-none-eabi/13.3.1/../../../../arm-none-eabi/lib/thumb/v7e-m+dp/hard\libc_nano.a(libc_a-memcpy-stub.o)
 .debug_frame   0x000069c8       0x2c C:/ST/STM32CubeIDE_2.0.0/STM32CubeIDE/plugins/com.st.stm32cube.ide.mcu.externaltools.gnu-tools-for-stm32.13.3.rel1.win32_1.0.100.202509120712/tools/bin/../lib/gcc/arm-none-eabi/13.3.1/thumb/v7e-m+dp/hard\libgcc.a(_aeabi_uldivmod.o)
 .debug_frame   0x000069f4       0x34 C:/ST/STM32CubeIDE_2.0.0/STM32CubeIDE/plugins/com.st.stm32cube.ide.mcu.externaltools.gnu-tools-for-stm32.13.3.rel1.win32_1.0.100.202509120712/tools/bin/../lib/gcc/arm-none-eabi/13.3.1/thumb/v7e-m+dp/hard\libgcc.a(_udivmoddi4.o)

.debug_line_str
                0x00000000       0x69
 .debug_line_str
                0x00000000       0x69 ./Core/Startup/startup_stm32h755zitx.o